<?xml version="1.0" encoding="ISO-8859-1" ?>
<link_info>
   <banner>TI ARM Linker Unix v20.2.2.LTS</banner>
   <copyright>Copyright (c) 1996-2018 Texas Instruments Incorporated</copyright>
   <link_time>0x60397e7b</link_time>
   <link_errors>0x0</link_errors>
   <output_file>GalaxyTrucker_Lab4.out</output_file>
   <entry_point>
      <name>_c_int00_noargs</name>
      <address>0x2f7d</address>
   </entry_point>
   <input_file_list>
      <input_file id="fl-1">
         <path>./</path>
         <kind>object</kind>
         <file>main.obj</file>
         <name>main.obj</name>
      </input_file>
      <input_file id="fl-2">
         <path>./</path>
         <kind>object</kind>
         <file>pwm.obj</file>
         <name>pwm.obj</name>
      </input_file>
      <input_file id="fl-3">
         <path>./</path>
         <kind>object</kind>
         <file>startup_msp432p401r_ccs.obj</file>
         <name>startup_msp432p401r_ccs.obj</name>
      </input_file>
      <input_file id="fl-4">
         <path>./</path>
         <kind>object</kind>
         <file>system_msp432p401r.obj</file>
         <name>system_msp432p401r.obj</name>
      </input_file>
      <input_file id="fl-8">
         <kind>object</kind>
         <file>&lt;internal&gt;</file>
         <name>&lt;internal&gt;</name>
      </input_file>
      <input_file id="fl-be">
         <path>/Applications/ti/ccs1020/ccs/tools/compiler/ti-cgt-arm_20.2.2.LTS/lib/</path>
         <kind>archive</kind>
         <file>rtsv7M4_T_le_v4SPD16_eabi.lib</file>
         <name>printf.c.obj</name>
      </input_file>
      <input_file id="fl-bf">
         <path>/Applications/ti/ccs1020/ccs/tools/compiler/ti-cgt-arm_20.2.2.LTS/lib/</path>
         <kind>archive</kind>
         <file>rtsv7M4_T_le_v4SPD16_eabi.lib</file>
         <name>_printfi.c.obj</name>
      </input_file>
      <input_file id="fl-c0">
         <path>/Applications/ti/ccs1020/ccs/tools/compiler/ti-cgt-arm_20.2.2.LTS/lib/</path>
         <kind>archive</kind>
         <file>rtsv7M4_T_le_v4SPD16_eabi.lib</file>
         <name>fputc.c.obj</name>
      </input_file>
      <input_file id="fl-c1">
         <path>/Applications/ti/ccs1020/ccs/tools/compiler/ti-cgt-arm_20.2.2.LTS/lib/</path>
         <kind>archive</kind>
         <file>rtsv7M4_T_le_v4SPD16_eabi.lib</file>
         <name>fputs.c.obj</name>
      </input_file>
      <input_file id="fl-c2">
         <path>/Applications/ti/ccs1020/ccs/tools/compiler/ti-cgt-arm_20.2.2.LTS/lib/</path>
         <kind>archive</kind>
         <file>rtsv7M4_T_le_v4SPD16_eabi.lib</file>
         <name>_io_perm.c.obj</name>
      </input_file>
      <input_file id="fl-c3">
         <path>/Applications/ti/ccs1020/ccs/tools/compiler/ti-cgt-arm_20.2.2.LTS/lib/</path>
         <kind>archive</kind>
         <file>rtsv7M4_T_le_v4SPD16_eabi.lib</file>
         <name>setvbuf.c.obj</name>
      </input_file>
      <input_file id="fl-c4">
         <path>/Applications/ti/ccs1020/ccs/tools/compiler/ti-cgt-arm_20.2.2.LTS/lib/</path>
         <kind>archive</kind>
         <file>rtsv7M4_T_le_v4SPD16_eabi.lib</file>
         <name>fd_add_t2.asm.obj</name>
      </input_file>
      <input_file id="fl-c5">
         <path>/Applications/ti/ccs1020/ccs/tools/compiler/ti-cgt-arm_20.2.2.LTS/lib/</path>
         <kind>archive</kind>
         <file>rtsv7M4_T_le_v4SPD16_eabi.lib</file>
         <name>fd_cmp_t2.asm.obj</name>
      </input_file>
      <input_file id="fl-c6">
         <path>/Applications/ti/ccs1020/ccs/tools/compiler/ti-cgt-arm_20.2.2.LTS/lib/</path>
         <kind>archive</kind>
         <file>rtsv7M4_T_le_v4SPD16_eabi.lib</file>
         <name>fd_div_t2.asm.obj</name>
      </input_file>
      <input_file id="fl-c7">
         <path>/Applications/ti/ccs1020/ccs/tools/compiler/ti-cgt-arm_20.2.2.LTS/lib/</path>
         <kind>archive</kind>
         <file>rtsv7M4_T_le_v4SPD16_eabi.lib</file>
         <name>fd_mul_t2.asm.obj</name>
      </input_file>
      <input_file id="fl-c8">
         <path>/Applications/ti/ccs1020/ccs/tools/compiler/ti-cgt-arm_20.2.2.LTS/lib/</path>
         <kind>archive</kind>
         <file>rtsv7M4_T_le_v4SPD16_eabi.lib</file>
         <name>fd_toi_t2.asm.obj</name>
      </input_file>
      <input_file id="fl-c9">
         <path>/Applications/ti/ccs1020/ccs/tools/compiler/ti-cgt-arm_20.2.2.LTS/lib/</path>
         <kind>archive</kind>
         <file>rtsv7M4_T_le_v4SPD16_eabi.lib</file>
         <name>fd_tos_t2.asm.obj</name>
      </input_file>
      <input_file id="fl-ca">
         <path>/Applications/ti/ccs1020/ccs/tools/compiler/ti-cgt-arm_20.2.2.LTS/lib/</path>
         <kind>archive</kind>
         <file>rtsv7M4_T_le_v4SPD16_eabi.lib</file>
         <name>fs_tod_t2.asm.obj</name>
      </input_file>
      <input_file id="fl-cb">
         <path>/Applications/ti/ccs1020/ccs/tools/compiler/ti-cgt-arm_20.2.2.LTS/lib/</path>
         <kind>archive</kind>
         <file>rtsv7M4_T_le_v4SPD16_eabi.lib</file>
         <name>i_tofd_t2.asm.obj</name>
      </input_file>
      <input_file id="fl-cc">
         <path>/Applications/ti/ccs1020/ccs/tools/compiler/ti-cgt-arm_20.2.2.LTS/lib/</path>
         <kind>archive</kind>
         <file>rtsv7M4_T_le_v4SPD16_eabi.lib</file>
         <name>memcpy_t2.asm.obj</name>
      </input_file>
      <input_file id="fl-cd">
         <path>/Applications/ti/ccs1020/ccs/tools/compiler/ti-cgt-arm_20.2.2.LTS/lib/</path>
         <kind>archive</kind>
         <file>rtsv7M4_T_le_v4SPD16_eabi.lib</file>
         <name>ull_div_t2.asm.obj</name>
      </input_file>
      <input_file id="fl-ce">
         <path>/Applications/ti/ccs1020/ccs/tools/compiler/ti-cgt-arm_20.2.2.LTS/lib/</path>
         <kind>archive</kind>
         <file>rtsv7M4_T_le_v4SPD16_eabi.lib</file>
         <name>memset_t2.asm.obj</name>
      </input_file>
      <input_file id="fl-cf">
         <path>/Applications/ti/ccs1020/ccs/tools/compiler/ti-cgt-arm_20.2.2.LTS/lib/</path>
         <kind>archive</kind>
         <file>rtsv7M4_T_le_v4SPD16_eabi.lib</file>
         <name>copy_zero_init.c.obj</name>
      </input_file>
      <input_file id="fl-d0">
         <path>/Applications/ti/ccs1020/ccs/tools/compiler/ti-cgt-arm_20.2.2.LTS/lib/</path>
         <kind>archive</kind>
         <file>rtsv7M4_T_le_v4SPD16_eabi.lib</file>
         <name>copy_decompress_none.c.obj</name>
      </input_file>
      <input_file id="fl-d1">
         <path>/Applications/ti/ccs1020/ccs/tools/compiler/ti-cgt-arm_20.2.2.LTS/lib/</path>
         <kind>archive</kind>
         <file>rtsv7M4_T_le_v4SPD16_eabi.lib</file>
         <name>copy_decompress_lzss.c.obj</name>
      </input_file>
      <input_file id="fl-d2">
         <path>/Applications/ti/ccs1020/ccs/tools/compiler/ti-cgt-arm_20.2.2.LTS/lib/</path>
         <kind>archive</kind>
         <file>rtsv7M4_T_le_v4SPD16_eabi.lib</file>
         <name>exit.c.obj</name>
      </input_file>
      <input_file id="fl-d3">
         <path>/Applications/ti/ccs1020/ccs/tools/compiler/ti-cgt-arm_20.2.2.LTS/lib/</path>
         <kind>archive</kind>
         <file>rtsv7M4_T_le_v4SPD16_eabi.lib</file>
         <name>_lock.c.obj</name>
      </input_file>
      <input_file id="fl-d4">
         <path>/Applications/ti/ccs1020/ccs/tools/compiler/ti-cgt-arm_20.2.2.LTS/lib/</path>
         <kind>archive</kind>
         <file>rtsv7M4_T_le_v4SPD16_eabi.lib</file>
         <name>_ltoa.c.obj</name>
      </input_file>
      <input_file id="fl-d5">
         <path>/Applications/ti/ccs1020/ccs/tools/compiler/ti-cgt-arm_20.2.2.LTS/lib/</path>
         <kind>archive</kind>
         <file>rtsv7M4_T_le_v4SPD16_eabi.lib</file>
         <name>atoi.c.obj</name>
      </input_file>
      <input_file id="fl-d6">
         <path>/Applications/ti/ccs1020/ccs/tools/compiler/ti-cgt-arm_20.2.2.LTS/lib/</path>
         <kind>archive</kind>
         <file>rtsv7M4_T_le_v4SPD16_eabi.lib</file>
         <name>ctype.c.obj</name>
      </input_file>
      <input_file id="fl-d7">
         <path>/Applications/ti/ccs1020/ccs/tools/compiler/ti-cgt-arm_20.2.2.LTS/lib/</path>
         <kind>archive</kind>
         <file>rtsv7M4_T_le_v4SPD16_eabi.lib</file>
         <name>defs.c.obj</name>
      </input_file>
      <input_file id="fl-d8">
         <path>/Applications/ti/ccs1020/ccs/tools/compiler/ti-cgt-arm_20.2.2.LTS/lib/</path>
         <kind>archive</kind>
         <file>rtsv7M4_T_le_v4SPD16_eabi.lib</file>
         <name>memccpy.c.obj</name>
      </input_file>
      <input_file id="fl-d9">
         <path>/Applications/ti/ccs1020/ccs/tools/compiler/ti-cgt-arm_20.2.2.LTS/lib/</path>
         <kind>archive</kind>
         <file>rtsv7M4_T_le_v4SPD16_eabi.lib</file>
         <name>memchr.c.obj</name>
      </input_file>
      <input_file id="fl-da">
         <path>/Applications/ti/ccs1020/ccs/tools/compiler/ti-cgt-arm_20.2.2.LTS/lib/</path>
         <kind>archive</kind>
         <file>rtsv7M4_T_le_v4SPD16_eabi.lib</file>
         <name>memory.c.obj</name>
      </input_file>
      <input_file id="fl-db">
         <path>/Applications/ti/ccs1020/ccs/tools/compiler/ti-cgt-arm_20.2.2.LTS/lib/</path>
         <kind>archive</kind>
         <file>rtsv7M4_T_le_v4SPD16_eabi.lib</file>
         <name>strchr.c.obj</name>
      </input_file>
      <input_file id="fl-dc">
         <path>/Applications/ti/ccs1020/ccs/tools/compiler/ti-cgt-arm_20.2.2.LTS/lib/</path>
         <kind>archive</kind>
         <file>rtsv7M4_T_le_v4SPD16_eabi.lib</file>
         <name>strlen.c.obj</name>
      </input_file>
      <input_file id="fl-dd">
         <path>/Applications/ti/ccs1020/ccs/tools/compiler/ti-cgt-arm_20.2.2.LTS/lib/</path>
         <kind>archive</kind>
         <file>rtsv7M4_T_le_v4SPD16_eabi.lib</file>
         <name>write.c.obj</name>
      </input_file>
      <input_file id="fl-de">
         <path>/Applications/ti/ccs1020/ccs/tools/compiler/ti-cgt-arm_20.2.2.LTS/lib/</path>
         <kind>archive</kind>
         <file>rtsv7M4_T_le_v4SPD16_eabi.lib</file>
         <name>host_device.c.obj</name>
      </input_file>
      <input_file id="fl-df">
         <path>/Applications/ti/ccs1020/ccs/tools/compiler/ti-cgt-arm_20.2.2.LTS/lib/</path>
         <kind>archive</kind>
         <file>rtsv7M4_T_le_v4SPD16_eabi.lib</file>
         <name>boot_cortex_m.c.obj</name>
      </input_file>
      <input_file id="fl-e0">
         <path>/Applications/ti/ccs1020/ccs/tools/compiler/ti-cgt-arm_20.2.2.LTS/lib/</path>
         <kind>archive</kind>
         <file>rtsv7M4_T_le_v4SPD16_eabi.lib</file>
         <name>errno.c.obj</name>
      </input_file>
      <input_file id="fl-e1">
         <path>/Applications/ti/ccs1020/ccs/tools/compiler/ti-cgt-arm_20.2.2.LTS/lib/</path>
         <kind>archive</kind>
         <file>rtsv7M4_T_le_v4SPD16_eabi.lib</file>
         <name>s_frexp.c.obj</name>
      </input_file>
      <input_file id="fl-e2">
         <path>/Applications/ti/ccs1020/ccs/tools/compiler/ti-cgt-arm_20.2.2.LTS/lib/</path>
         <kind>archive</kind>
         <file>rtsv7M4_T_le_v4SPD16_eabi.lib</file>
         <name>s_scalbn.c.obj</name>
      </input_file>
      <input_file id="fl-e3">
         <path>/Applications/ti/ccs1020/ccs/tools/compiler/ti-cgt-arm_20.2.2.LTS/lib/</path>
         <kind>archive</kind>
         <file>rtsv7M4_T_le_v4SPD16_eabi.lib</file>
         <name>wcslen.c.obj</name>
      </input_file>
      <input_file id="fl-e4">
         <path>/Applications/ti/ccs1020/ccs/tools/compiler/ti-cgt-arm_20.2.2.LTS/lib/</path>
         <kind>archive</kind>
         <file>rtsv7M4_T_le_v4SPD16_eabi.lib</file>
         <name>s_copysign.c.obj</name>
      </input_file>
      <input_file id="fl-e5">
         <path>/Applications/ti/ccs1020/ccs/tools/compiler/ti-cgt-arm_20.2.2.LTS/lib/</path>
         <kind>archive</kind>
         <file>rtsv7M4_T_le_v4SPD16_eabi.lib</file>
         <name>fflush.c.obj</name>
      </input_file>
      <input_file id="fl-e6">
         <path>/Applications/ti/ccs1020/ccs/tools/compiler/ti-cgt-arm_20.2.2.LTS/lib/</path>
         <kind>archive</kind>
         <file>rtsv7M4_T_le_v4SPD16_eabi.lib</file>
         <name>fopen.c.obj</name>
      </input_file>
      <input_file id="fl-e7">
         <path>/Applications/ti/ccs1020/ccs/tools/compiler/ti-cgt-arm_20.2.2.LTS/lib/</path>
         <kind>archive</kind>
         <file>rtsv7M4_T_le_v4SPD16_eabi.lib</file>
         <name>fseek.c.obj</name>
      </input_file>
      <input_file id="fl-e8">
         <path>/Applications/ti/ccs1020/ccs/tools/compiler/ti-cgt-arm_20.2.2.LTS/lib/</path>
         <kind>archive</kind>
         <file>rtsv7M4_T_le_v4SPD16_eabi.lib</file>
         <name>div0.asm.obj</name>
      </input_file>
      <input_file id="fl-e9">
         <path>/Applications/ti/ccs1020/ccs/tools/compiler/ti-cgt-arm_20.2.2.LTS/lib/</path>
         <kind>archive</kind>
         <file>rtsv7M4_T_le_v4SPD16_eabi.lib</file>
         <name>autoinit.c.obj</name>
      </input_file>
      <input_file id="fl-ea">
         <path>/Applications/ti/ccs1020/ccs/tools/compiler/ti-cgt-arm_20.2.2.LTS/lib/</path>
         <kind>archive</kind>
         <file>rtsv7M4_T_le_v4SPD16_eabi.lib</file>
         <name>pre_init.c.obj</name>
      </input_file>
      <input_file id="fl-eb">
         <path>/Applications/ti/ccs1020/ccs/tools/compiler/ti-cgt-arm_20.2.2.LTS/lib/</path>
         <kind>archive</kind>
         <file>rtsv7M4_T_le_v4SPD16_eabi.lib</file>
         <name>cpy_tbl.c.obj</name>
      </input_file>
      <input_file id="fl-ec">
         <path>/Applications/ti/ccs1020/ccs/tools/compiler/ti-cgt-arm_20.2.2.LTS/lib/</path>
         <kind>archive</kind>
         <file>rtsv7M4_T_le_v4SPD16_eabi.lib</file>
         <name>args_main.c.obj</name>
      </input_file>
      <input_file id="fl-ed">
         <path>/Applications/ti/ccs1020/ccs/tools/compiler/ti-cgt-arm_20.2.2.LTS/lib/</path>
         <kind>archive</kind>
         <file>rtsv7M4_T_le_v4SPD16_eabi.lib</file>
         <name>hostclose.c.obj</name>
      </input_file>
      <input_file id="fl-ee">
         <path>/Applications/ti/ccs1020/ccs/tools/compiler/ti-cgt-arm_20.2.2.LTS/lib/</path>
         <kind>archive</kind>
         <file>rtsv7M4_T_le_v4SPD16_eabi.lib</file>
         <name>hostlseek.c.obj</name>
      </input_file>
      <input_file id="fl-ef">
         <path>/Applications/ti/ccs1020/ccs/tools/compiler/ti-cgt-arm_20.2.2.LTS/lib/</path>
         <kind>archive</kind>
         <file>rtsv7M4_T_le_v4SPD16_eabi.lib</file>
         <name>hostopen.c.obj</name>
      </input_file>
      <input_file id="fl-f0">
         <path>/Applications/ti/ccs1020/ccs/tools/compiler/ti-cgt-arm_20.2.2.LTS/lib/</path>
         <kind>archive</kind>
         <file>rtsv7M4_T_le_v4SPD16_eabi.lib</file>
         <name>hostread.c.obj</name>
      </input_file>
      <input_file id="fl-f1">
         <path>/Applications/ti/ccs1020/ccs/tools/compiler/ti-cgt-arm_20.2.2.LTS/lib/</path>
         <kind>archive</kind>
         <file>rtsv7M4_T_le_v4SPD16_eabi.lib</file>
         <name>hostrename.c.obj</name>
      </input_file>
      <input_file id="fl-f2">
         <path>/Applications/ti/ccs1020/ccs/tools/compiler/ti-cgt-arm_20.2.2.LTS/lib/</path>
         <kind>archive</kind>
         <file>rtsv7M4_T_le_v4SPD16_eabi.lib</file>
         <name>hostunlink.c.obj</name>
      </input_file>
      <input_file id="fl-f3">
         <path>/Applications/ti/ccs1020/ccs/tools/compiler/ti-cgt-arm_20.2.2.LTS/lib/</path>
         <kind>archive</kind>
         <file>rtsv7M4_T_le_v4SPD16_eabi.lib</file>
         <name>hostwrite.c.obj</name>
      </input_file>
      <input_file id="fl-f4">
         <path>/Applications/ti/ccs1020/ccs/tools/compiler/ti-cgt-arm_20.2.2.LTS/lib/</path>
         <kind>archive</kind>
         <file>rtsv7M4_T_le_v4SPD16_eabi.lib</file>
         <name>trgmsg.c.obj</name>
      </input_file>
      <input_file id="fl-f5">
         <path>/Applications/ti/ccs1020/ccs/tools/compiler/ti-cgt-arm_20.2.2.LTS/lib/</path>
         <kind>archive</kind>
         <file>rtsv7M4_T_le_v4SPD16_eabi.lib</file>
         <name>open.c.obj</name>
      </input_file>
      <input_file id="fl-f6">
         <path>/Applications/ti/ccs1020/ccs/tools/compiler/ti-cgt-arm_20.2.2.LTS/lib/</path>
         <kind>archive</kind>
         <file>rtsv7M4_T_le_v4SPD16_eabi.lib</file>
         <name>lseek.c.obj</name>
      </input_file>
      <input_file id="fl-f7">
         <path>/Applications/ti/ccs1020/ccs/tools/compiler/ti-cgt-arm_20.2.2.LTS/lib/</path>
         <kind>archive</kind>
         <file>rtsv7M4_T_le_v4SPD16_eabi.lib</file>
         <name>fclose.c.obj</name>
      </input_file>
      <input_file id="fl-f8">
         <path>/Applications/ti/ccs1020/ccs/tools/compiler/ti-cgt-arm_20.2.2.LTS/lib/</path>
         <kind>archive</kind>
         <file>rtsv7M4_T_le_v4SPD16_eabi.lib</file>
         <name>getdevice.c.obj</name>
      </input_file>
      <input_file id="fl-f9">
         <path>/Applications/ti/ccs1020/ccs/tools/compiler/ti-cgt-arm_20.2.2.LTS/lib/</path>
         <kind>archive</kind>
         <file>rtsv7M4_T_le_v4SPD16_eabi.lib</file>
         <name>strcmp.c.obj</name>
      </input_file>
      <input_file id="fl-fa">
         <path>/Applications/ti/ccs1020/ccs/tools/compiler/ti-cgt-arm_20.2.2.LTS/lib/</path>
         <kind>archive</kind>
         <file>rtsv7M4_T_le_v4SPD16_eabi.lib</file>
         <name>strcpy.c.obj</name>
      </input_file>
      <input_file id="fl-fb">
         <path>/Applications/ti/ccs1020/ccs/tools/compiler/ti-cgt-arm_20.2.2.LTS/lib/</path>
         <kind>archive</kind>
         <file>rtsv7M4_T_le_v4SPD16_eabi.lib</file>
         <name>strncpy.c.obj</name>
      </input_file>
      <input_file id="fl-fc">
         <path>/Applications/ti/ccs1020/ccs/tools/compiler/ti-cgt-arm_20.2.2.LTS/lib/</path>
         <kind>archive</kind>
         <file>rtsv7M4_T_le_v4SPD16_eabi.lib</file>
         <name>remove.c.obj</name>
      </input_file>
      <input_file id="fl-fd">
         <path>/Applications/ti/ccs1020/ccs/tools/compiler/ti-cgt-arm_20.2.2.LTS/lib/</path>
         <kind>archive</kind>
         <file>rtsv7M4_T_le_v4SPD16_eabi.lib</file>
         <name>close.c.obj</name>
      </input_file>
      <input_file id="fl-fe">
         <path>/Applications/ti/ccs1020/ccs/tools/compiler/ti-cgt-arm_20.2.2.LTS/lib/</path>
         <kind>archive</kind>
         <file>rtsv7M4_T_le_v4SPD16_eabi.lib</file>
         <name>unlink.c.obj</name>
      </input_file>
   </input_file_list>
   <object_component_list>
      <object_component id="oc-26">
         <name>.intvecs:retain</name>
         <load_address>0x0</load_address>
         <run_address>0x0</run_address>
         <size>0xe4</size>
         <input_file_ref idref="fl-3"/>
      </object_component>
      <object_component id="oc-150">
         <name>.text:__TI_printfi</name>
         <load_address>0xe4</load_address>
         <run_address>0xe4</run_address>
         <size>0xa4e</size>
         <input_file_ref idref="fl-bf"/>
      </object_component>
      <object_component id="oc-1e3">
         <name>.text:_nop</name>
         <load_address>0xb32</load_address>
         <run_address>0xb32</run_address>
         <size>0x2</size>
         <input_file_ref idref="fl-d3"/>
      </object_component>
      <object_component id="oc-ac">
         <name>.text</name>
         <load_address>0xb34</load_address>
         <run_address>0xb34</run_address>
         <size>0x334</size>
         <input_file_ref idref="fl-4"/>
      </object_component>
      <object_component id="oc-1bf">
         <name>.text:_pconv_a</name>
         <load_address>0xe68</load_address>
         <run_address>0xe68</run_address>
         <size>0x270</size>
         <input_file_ref idref="fl-bf"/>
      </object_component>
      <object_component id="oc-1ad">
         <name>.text:_pconv_g</name>
         <load_address>0x10d8</load_address>
         <run_address>0x10d8</run_address>
         <size>0x1d0</size>
         <input_file_ref idref="fl-bf"/>
      </object_component>
      <object_component id="oc-247">
         <name>.text</name>
         <load_address>0x12a8</load_address>
         <run_address>0x12a8</run_address>
         <size>0x1b6</size>
         <input_file_ref idref="fl-c4"/>
      </object_component>
      <object_component id="oc-2cd">
         <name>.text</name>
         <load_address>0x145e</load_address>
         <run_address>0x145e</run_address>
         <size>0x2</size>
         <input_file_ref idref="fl-e8"/>
      </object_component>
      <object_component id="oc-70">
         <name>.text</name>
         <load_address>0x1460</load_address>
         <run_address>0x1460</run_address>
         <size>0x1ac</size>
         <input_file_ref idref="fl-1"/>
      </object_component>
      <object_component id="oc-b3">
         <name>.text</name>
         <load_address>0x160c</load_address>
         <run_address>0x160c</run_address>
         <size>0x180</size>
         <input_file_ref idref="fl-2"/>
      </object_component>
      <object_component id="oc-1b9">
         <name>.text:_pconv_e</name>
         <load_address>0x178c</load_address>
         <run_address>0x178c</run_address>
         <size>0x13c</size>
         <input_file_ref idref="fl-bf"/>
      </object_component>
      <object_component id="oc-c3">
         <name>.text</name>
         <load_address>0x18c8</load_address>
         <run_address>0x18c8</run_address>
         <size>0x136</size>
         <input_file_ref idref="fl-c6"/>
      </object_component>
      <object_component id="oc-259">
         <name>.text:fcvt</name>
         <load_address>0x1a00</load_address>
         <run_address>0x1a00</run_address>
         <size>0x124</size>
         <input_file_ref idref="fl-bf"/>
      </object_component>
      <object_component id="oc-1f1">
         <name>.text:fputs</name>
         <load_address>0x1b24</load_address>
         <run_address>0x1b24</run_address>
         <size>0x114</size>
         <input_file_ref idref="fl-c1"/>
      </object_component>
      <object_component id="oc-26d">
         <name>.text:scalbn</name>
         <load_address>0x1c38</load_address>
         <run_address>0x1c38</run_address>
         <size>0x110</size>
         <input_file_ref idref="fl-e2"/>
      </object_component>
      <object_component id="oc-376">
         <name>.text:aligned_alloc</name>
         <load_address>0x1d48</load_address>
         <run_address>0x1d48</run_address>
         <size>0x100</size>
         <input_file_ref idref="fl-da"/>
      </object_component>
      <object_component id="oc-be">
         <name>.text</name>
         <load_address>0x1e48</load_address>
         <run_address>0x1e48</run_address>
         <size>0xfc</size>
         <input_file_ref idref="fl-c7"/>
      </object_component>
      <object_component id="oc-334">
         <name>.text:free</name>
         <load_address>0x1f44</load_address>
         <run_address>0x1f44</run_address>
         <size>0xe4</size>
         <input_file_ref idref="fl-da"/>
      </object_component>
      <object_component id="oc-306">
         <name>.text:setvbuf</name>
         <load_address>0x2028</load_address>
         <run_address>0x2028</run_address>
         <size>0xdc</size>
         <input_file_ref idref="fl-c3"/>
      </object_component>
      <object_component id="oc-1a2">
         <name>.text:_ltostr</name>
         <load_address>0x2104</load_address>
         <run_address>0x2104</run_address>
         <size>0xb1</size>
         <input_file_ref idref="fl-bf"/>
      </object_component>
      <object_component id="oc-3a">
         <name>.text</name>
         <load_address>0x21b6</load_address>
         <run_address>0x21b6</run_address>
         <size>0x9c</size>
         <input_file_ref idref="fl-cc"/>
      </object_component>
      <object_component id="oc-22b">
         <name>.text</name>
         <load_address>0x2252</load_address>
         <run_address>0x2252</run_address>
         <size>0x96</size>
         <input_file_ref idref="fl-cd"/>
      </object_component>
      <object_component id="oc-1f8">
         <name>.text:fputc</name>
         <load_address>0x22e8</load_address>
         <run_address>0x22e8</run_address>
         <size>0x8c</size>
         <input_file_ref idref="fl-c0"/>
      </object_component>
      <object_component id="oc-1a8">
         <name>.text:__aeabi_cdcmple</name>
         <load_address>0x2374</load_address>
         <run_address>0x2374</run_address>
         <size>0x86</size>
         <input_file_ref idref="fl-c5"/>
      </object_component>
      <object_component id="oc-232">
         <name>.text:__aeabi_cdrcmple</name>
         <load_address>0x23fa</load_address>
         <run_address>0x23fa</run_address>
         <size>0x86</size>
         <input_file_ref idref="fl-c5"/>
      </object_component>
      <object_component id="oc-94">
         <name>.text</name>
         <load_address>0x2480</load_address>
         <run_address>0x2480</run_address>
         <size>0x7a</size>
         <input_file_ref idref="fl-ce"/>
      </object_component>
      <object_component id="oc-37d">
         <name>.text:__TI_closefile</name>
         <load_address>0x24fc</load_address>
         <run_address>0x24fc</run_address>
         <size>0x74</size>
         <input_file_ref idref="fl-f7"/>
      </object_component>
      <object_component id="oc-3be">
         <name>.text:split</name>
         <load_address>0x2570</load_address>
         <run_address>0x2570</run_address>
         <size>0x70</size>
         <input_file_ref idref="fl-da"/>
      </object_component>
      <object_component id="oc-252">
         <name>.text:_mcpy</name>
         <load_address>0x25e0</load_address>
         <run_address>0x25e0</run_address>
         <size>0x6e</size>
         <input_file_ref idref="fl-bf"/>
      </object_component>
      <object_component id="oc-c8">
         <name>.text</name>
         <load_address>0x264e</load_address>
         <run_address>0x264e</run_address>
         <size>0x6e</size>
         <input_file_ref idref="fl-c9"/>
      </object_component>
      <object_component id="oc-3ad">
         <name>.text:HOSTrename</name>
         <load_address>0x26bc</load_address>
         <run_address>0x26bc</run_address>
         <size>0x6c</size>
         <input_file_ref idref="fl-f1"/>
      </object_component>
      <object_component id="oc-3a1">
         <name>.text:HOSTlseek</name>
         <load_address>0x2728</load_address>
         <run_address>0x2728</run_address>
         <size>0x68</size>
         <input_file_ref idref="fl-ee"/>
      </object_component>
      <object_component id="oc-17">
         <name>.text:decompress:lzss:__TI_decompress_lzss</name>
         <load_address>0x2790</load_address>
         <run_address>0x2790</run_address>
         <size>0x68</size>
         <input_file_ref idref="fl-d1"/>
      </object_component>
      <object_component id="oc-cd">
         <name>.text:printf</name>
         <load_address>0x27f8</load_address>
         <run_address>0x27f8</run_address>
         <size>0x68</size>
         <input_file_ref idref="fl-be"/>
      </object_component>
      <object_component id="oc-267">
         <name>.text:frexp</name>
         <load_address>0x2860</load_address>
         <run_address>0x2860</run_address>
         <size>0x64</size>
         <input_file_ref idref="fl-e1"/>
      </object_component>
      <object_component id="oc-300">
         <name>.text:fseek</name>
         <load_address>0x28c4</load_address>
         <run_address>0x28c4</run_address>
         <size>0x64</size>
         <input_file_ref idref="fl-e7"/>
      </object_component>
      <object_component id="oc-29e">
         <name>.text:__TI_wrt_ok</name>
         <load_address>0x2928</load_address>
         <run_address>0x2928</run_address>
         <size>0x62</size>
         <input_file_ref idref="fl-c2"/>
      </object_component>
      <object_component id="oc-389">
         <name>.text:HOSTopen</name>
         <load_address>0x298c</load_address>
         <run_address>0x298c</run_address>
         <size>0x60</size>
         <input_file_ref idref="fl-ef"/>
      </object_component>
      <object_component id="oc-3c5">
         <name>.text:close</name>
         <load_address>0x29ec</load_address>
         <run_address>0x29ec</run_address>
         <size>0x5c</size>
         <input_file_ref idref="fl-fd"/>
      </object_component>
      <object_component id="oc-395">
         <name>.text:HOSTread</name>
         <load_address>0x2a48</load_address>
         <run_address>0x2a48</run_address>
         <size>0x58</size>
         <input_file_ref idref="fl-f0"/>
      </object_component>
      <object_component id="oc-39b">
         <name>.text:HOSTwrite</name>
         <load_address>0x2aa0</load_address>
         <run_address>0x2aa0</run_address>
         <size>0x58</size>
         <input_file_ref idref="fl-f3"/>
      </object_component>
      <object_component id="oc-1b3">
         <name>.text:_pconv_f</name>
         <load_address>0x2af8</load_address>
         <run_address>0x2af8</run_address>
         <size>0x56</size>
         <input_file_ref idref="fl-bf"/>
      </object_component>
      <object_component id="oc-23c">
         <name>.text:__TI_ltoa</name>
         <load_address>0x2b4e</load_address>
         <run_address>0x2b4e</run_address>
         <size>0x54</size>
         <input_file_ref idref="fl-d4"/>
      </object_component>
      <object_component id="oc-24c">
         <name>.text:_ecpy</name>
         <load_address>0x2ba2</load_address>
         <run_address>0x2ba2</run_address>
         <size>0x52</size>
         <input_file_ref idref="fl-bf"/>
      </object_component>
      <object_component id="oc-2aa">
         <name>.text:__TI_doflush</name>
         <load_address>0x2bf4</load_address>
         <run_address>0x2bf4</run_address>
         <size>0x4c</size>
         <input_file_ref idref="fl-e5"/>
      </object_component>
      <object_component id="oc-19c">
         <name>.text:atoi</name>
         <load_address>0x2c40</load_address>
         <run_address>0x2c40</run_address>
         <size>0x4c</size>
         <input_file_ref idref="fl-d5"/>
      </object_component>
      <object_component id="oc-10a">
         <name>.text:exit</name>
         <load_address>0x2c8c</load_address>
         <run_address>0x2c8c</run_address>
         <size>0x48</size>
         <input_file_ref idref="fl-d2"/>
      </object_component>
      <object_component id="oc-237">
         <name>.text</name>
         <load_address>0x2cd4</load_address>
         <run_address>0x2cd4</run_address>
         <size>0x48</size>
         <input_file_ref idref="fl-c8"/>
      </object_component>
      <object_component id="oc-38f">
         <name>.text:HOSTclose</name>
         <load_address>0x2d1c</load_address>
         <run_address>0x2d1c</run_address>
         <size>0x44</size>
         <input_file_ref idref="fl-ed"/>
      </object_component>
      <object_component id="oc-3a7">
         <name>.text:HOSTunlink</name>
         <load_address>0x2d60</load_address>
         <run_address>0x2d60</run_address>
         <size>0x44</size>
         <input_file_ref idref="fl-f2"/>
      </object_component>
      <object_component id="oc-110">
         <name>.text:__TI_auto_init_nobinit_nopinit:__TI_auto_init_nobinit_nopinit</name>
         <load_address>0x2da4</load_address>
         <run_address>0x2da4</run_address>
         <size>0x44</size>
         <input_file_ref idref="fl-e9"/>
      </object_component>
      <object_component id="oc-3fd">
         <name>.text:getdevice</name>
         <load_address>0x2de8</load_address>
         <run_address>0x2de8</run_address>
         <size>0x44</size>
         <input_file_ref idref="fl-f8"/>
      </object_component>
      <object_component id="oc-25f">
         <name>.text:_fcpy</name>
         <load_address>0x2e2c</load_address>
         <run_address>0x2e2c</run_address>
         <size>0x3e</size>
         <input_file_ref idref="fl-bf"/>
      </object_component>
      <object_component id="oc-3d6">
         <name>.text:__TI_writemsg</name>
         <load_address>0x2e6c</load_address>
         <run_address>0x2e6c</run_address>
         <size>0x38</size>
         <input_file_ref idref="fl-f4"/>
      </object_component>
      <object_component id="oc-b9">
         <name>.text</name>
         <load_address>0x2ea4</load_address>
         <run_address>0x2ea4</run_address>
         <size>0x38</size>
         <input_file_ref idref="fl-ca"/>
      </object_component>
      <object_component id="oc-41f">
         <name>.text:strncpy</name>
         <load_address>0x2edc</load_address>
         <run_address>0x2edc</run_address>
         <size>0x36</size>
         <input_file_ref idref="fl-fb"/>
      </object_component>
      <object_component id="oc-340">
         <name>.text:__TI_cleanup</name>
         <load_address>0x2f14</load_address>
         <run_address>0x2f14</run_address>
         <size>0x34</size>
         <input_file_ref idref="fl-e6"/>
      </object_component>
      <object_component id="oc-3dc">
         <name>.text:__TI_readmsg</name>
         <load_address>0x2f48</load_address>
         <run_address>0x2f48</run_address>
         <size>0x34</size>
         <input_file_ref idref="fl-f4"/>
      </object_component>
      <object_component id="oc-58">
         <name>.text:_c_int00_noargs:_c_int00_noargs</name>
         <load_address>0x2f7c</load_address>
         <run_address>0x2f7c</run_address>
         <size>0x34</size>
         <input_file_ref idref="fl-df"/>
      </object_component>
      <object_component id="oc-425">
         <name>.text:finddevice</name>
         <load_address>0x2fb0</load_address>
         <run_address>0x2fb0</run_address>
         <size>0x30</size>
         <input_file_ref idref="fl-f8"/>
      </object_component>
      <object_component id="oc-242">
         <name>.text</name>
         <load_address>0x2fe0</load_address>
         <run_address>0x2fe0</run_address>
         <size>0x2e</size>
         <input_file_ref idref="fl-cb"/>
      </object_component>
      <object_component id="oc-3cb">
         <name>.text:unlink</name>
         <load_address>0x3010</load_address>
         <run_address>0x3010</run_address>
         <size>0x2c</size>
         <input_file_ref idref="fl-fe"/>
      </object_component>
      <object_component id="oc-36f">
         <name>.text:free_list_insert</name>
         <load_address>0x303c</load_address>
         <run_address>0x303c</run_address>
         <size>0x28</size>
         <input_file_ref idref="fl-da"/>
      </object_component>
      <object_component id="oc-32c">
         <name>.text:lseek</name>
         <load_address>0x3064</load_address>
         <run_address>0x3064</run_address>
         <size>0x28</size>
         <input_file_ref idref="fl-f6"/>
      </object_component>
      <object_component id="oc-2b0">
         <name>.text:write</name>
         <load_address>0x308c</load_address>
         <run_address>0x308c</run_address>
         <size>0x28</size>
         <input_file_ref idref="fl-dd"/>
      </object_component>
      <object_component id="oc-2a4">
         <name>.text:memchr</name>
         <load_address>0x30b4</load_address>
         <run_address>0x30b4</run_address>
         <size>0x20</size>
         <input_file_ref idref="fl-d9"/>
      </object_component>
      <object_component id="oc-46">
         <name>.text:decompress:ZI:__TI_zero_init_nomemset:__TI_zero_init_nomemset</name>
         <load_address>0x30d4</load_address>
         <run_address>0x30d4</run_address>
         <size>0x1c</size>
         <input_file_ref idref="fl-cf"/>
      </object_component>
      <object_component id="oc-369">
         <name>.text:free_list_remove</name>
         <load_address>0x30f0</load_address>
         <run_address>0x30f0</run_address>
         <size>0x1c</size>
         <input_file_ref idref="fl-da"/>
      </object_component>
      <object_component id="oc-1c5">
         <name>.text:memccpy</name>
         <load_address>0x310c</load_address>
         <run_address>0x310c</run_address>
         <size>0x1c</size>
         <input_file_ref idref="fl-d8"/>
      </object_component>
      <object_component id="oc-2e4">
         <name>.text:copysign</name>
         <load_address>0x3128</load_address>
         <run_address>0x3128</run_address>
         <size>0x1a</size>
         <input_file_ref idref="fl-e4"/>
      </object_component>
      <object_component id="oc-43c">
         <name>.text:strcmp</name>
         <load_address>0x3142</load_address>
         <run_address>0x3142</run_address>
         <size>0x18</size>
         <input_file_ref idref="fl-f9"/>
      </object_component>
      <object_component id="oc-273">
         <name>.text:strchr</name>
         <load_address>0x315a</load_address>
         <run_address>0x315a</run_address>
         <size>0x16</size>
         <input_file_ref idref="fl-db"/>
      </object_component>
      <object_component id="oc-3f0">
         <name>.text:strcpy</name>
         <load_address>0x3170</load_address>
         <run_address>0x3170</run_address>
         <size>0x14</size>
         <input_file_ref idref="fl-fa"/>
      </object_component>
      <object_component id="oc-196">
         <name>.text:strlen</name>
         <load_address>0x3184</load_address>
         <run_address>0x3184</run_address>
         <size>0x14</size>
         <input_file_ref idref="fl-dc"/>
      </object_component>
      <object_component id="oc-1cb">
         <name>.text:wcslen</name>
         <load_address>0x3198</load_address>
         <run_address>0x3198</run_address>
         <size>0x12</size>
         <input_file_ref idref="fl-e3"/>
      </object_component>
      <object_component id="oc-1d">
         <name>.text:decompress:none:__TI_decompress_none</name>
         <load_address>0x31aa</load_address>
         <run_address>0x31aa</run_address>
         <size>0xe</size>
         <input_file_ref idref="fl-d0"/>
      </object_component>
      <object_component id="oc-6a">
         <name>.text</name>
         <load_address>0x31b8</load_address>
         <run_address>0x31b8</run_address>
         <size>0xe</size>
         <input_file_ref idref="fl-3"/>
      </object_component>
      <object_component id="oc-1d1">
         <name>.text:__aeabi_errno_addr</name>
         <load_address>0x31c8</load_address>
         <run_address>0x31c8</run_address>
         <size>0x8</size>
         <input_file_ref idref="fl-e0"/>
      </object_component>
      <object_component id="oc-33a">
         <name>.text:malloc</name>
         <load_address>0x31d0</load_address>
         <run_address>0x31d0</run_address>
         <size>0x8</size>
         <input_file_ref idref="fl-da"/>
      </object_component>
      <object_component id="oc-162">
         <name>.text:_outc</name>
         <load_address>0x31d8</load_address>
         <run_address>0x31d8</run_address>
         <size>0x4</size>
         <input_file_ref idref="fl-be"/>
      </object_component>
      <object_component id="oc-15c">
         <name>.text:_outs</name>
         <load_address>0x31dc</load_address>
         <run_address>0x31dc</run_address>
         <size>0x4</size>
         <input_file_ref idref="fl-be"/>
      </object_component>
      <object_component id="oc-9a">
         <name>.text:_system_pre_init</name>
         <load_address>0x31e0</load_address>
         <run_address>0x31e0</run_address>
         <size>0x4</size>
         <input_file_ref idref="fl-ea"/>
      </object_component>
      <object_component id="oc-104">
         <name>.text:abort:abort</name>
         <load_address>0x31e4</load_address>
         <run_address>0x31e4</run_address>
         <size>0x4</size>
         <input_file_ref idref="fl-d2"/>
      </object_component>
      <object_component id="oc-226">
         <name>.const:.string:_ctypes_</name>
         <load_address>0x31e8</load_address>
         <run_address>0x31e8</run_address>
         <size>0x101</size>
         <input_file_ref idref="fl-d6"/>
      </object_component>
      <object_component id="oc-47c">
         <name>.cinit..data.load</name>
         <load_address>0x32f0</load_address>
         <run_address>0x32f0</run_address>
         <size>0x6f</size>
      </object_component>
      <object_component id="oc-47a">
         <name>__TI_handler_table</name>
         <load_address>0x3360</load_address>
         <run_address>0x3360</run_address>
         <size>0xc</size>
      </object_component>
      <object_component id="oc-47d">
         <name>.cinit..bss.load</name>
         <load_address>0x3370</load_address>
         <run_address>0x3370</run_address>
         <size>0x8</size>
      </object_component>
      <object_component id="oc-47b">
         <name>__TI_cinit_table</name>
         <load_address>0x3378</load_address>
         <run_address>0x3378</run_address>
         <size>0x10</size>
      </object_component>
      <object_component id="oc-44e">
         <name>.binit</name>
         <load_address>0x0</load_address>
         <run_address>0x0</run_address>
         <size>0x0</size>
      </object_component>
      <object_component id="oc-d3">
         <name>.data</name>
         <load_address>0x200005d4</load_address>
         <run_address>0x200005d4</run_address>
         <size>0xc</size>
         <input_file_ref idref="fl-1"/>
      </object_component>
      <object_component id="oc-142">
         <name>.data</name>
         <load_address>0x200005f4</load_address>
         <run_address>0x200005f4</run_address>
         <size>0x4</size>
         <input_file_ref idref="fl-4"/>
      </object_component>
      <object_component id="oc-178">
         <name>.data:$O1$$</name>
         <load_address>0x200005c8</load_address>
         <run_address>0x200005c8</run_address>
         <size>0xc</size>
         <input_file_ref idref="fl-d2"/>
      </object_component>
      <object_component id="oc-156">
         <name>.data:$O1$$</name>
         <load_address>0x200005e0</load_address>
         <run_address>0x200005e0</run_address>
         <size>0x8</size>
         <input_file_ref idref="fl-d3"/>
      </object_component>
      <object_component id="oc-159">
         <name>.data:_ftable</name>
         <load_address>0x20000400</load_address>
         <run_address>0x20000400</run_address>
         <size>0xf0</size>
         <input_file_ref idref="fl-d7"/>
      </object_component>
      <object_component id="oc-383">
         <name>.data</name>
         <load_address>0x200005b8</load_address>
         <run_address>0x200005b8</run_address>
         <size>0x10</size>
         <input_file_ref idref="fl-d7"/>
      </object_component>
      <object_component id="oc-3b9">
         <name>.data:$O1$$</name>
         <load_address>0x200005e8</load_address>
         <run_address>0x200005e8</run_address>
         <size>0x8</size>
         <input_file_ref idref="fl-da"/>
      </object_component>
      <object_component id="oc-353">
         <name>.data:_device</name>
         <load_address>0x200004f0</load_address>
         <run_address>0x200004f0</run_address>
         <size>0x78</size>
         <input_file_ref idref="fl-de"/>
      </object_component>
      <object_component id="oc-312">
         <name>.data:_stream</name>
         <load_address>0x20000568</load_address>
         <run_address>0x20000568</run_address>
         <size>0x50</size>
         <input_file_ref idref="fl-de"/>
      </object_component>
      <object_component id="oc-283">
         <name>.data</name>
         <load_address>0x200005f0</load_address>
         <run_address>0x200005f0</run_address>
         <size>0x4</size>
         <input_file_ref idref="fl-e0"/>
      </object_component>
      <object_component id="oc-407">
         <name>.bss:_CIOBUF_</name>
         <uninitialized>true</uninitialized>
         <run_address>0x200005f8</run_address>
         <size>0x120</size>
         <input_file_ref idref="fl-f4"/>
      </object_component>
      <object_component id="oc-3d1">
         <name>.common:__TI_tmpnams</name>
         <uninitialized>true</uninitialized>
         <run_address>0x20000718</run_address>
         <size>0xa0</size>
      </object_component>
      <object_component id="oc-3e2">
         <name>.common:parmbuf</name>
         <uninitialized>true</uninitialized>
         <run_address>0x200007b8</run_address>
         <size>0x8</size>
      </object_component>
      <object_component id="oc-29">
         <name>.sysmem</name>
         <uninitialized>true</uninitialized>
         <run_address>0x20000000</run_address>
         <size>0x10</size>
         <input_file_ref idref="fl-da"/>
      </object_component>
      <object_component id="oc-480">
         <name>.sysmem</name>
         <uninitialized>true</uninitialized>
         <run_address>0x20000000</run_address>
         <size>0x0</size>
      </object_component>
      <object_component id="oc-2c">
         <name>.stack</name>
         <uninitialized>true</uninitialized>
         <run_address>0x2000fe00</run_address>
         <size>0x4</size>
         <input_file_ref idref="fl-df"/>
      </object_component>
      <object_component id="oc-47f">
         <name>.stack</name>
         <uninitialized>true</uninitialized>
         <run_address>0x2000fe00</run_address>
         <size>0x0</size>
      </object_component>
      <object_component id="oc-171">
         <name>.debug_info</name>
         <load_address>0x0</load_address>
         <run_address>0x0</run_address>
         <size>0x61a</size>
         <input_file_ref idref="fl-1"/>
      </object_component>
      <object_component id="oc-d4">
         <name>.debug_info</name>
         <load_address>0x61a</load_address>
         <run_address>0x61a</run_address>
         <size>0x14d</size>
         <input_file_ref idref="fl-1"/>
      </object_component>
      <object_component id="oc-71">
         <name>.debug_info</name>
         <load_address>0x767</load_address>
         <run_address>0x767</run_address>
         <size>0x475</size>
         <input_file_ref idref="fl-1"/>
      </object_component>
      <object_component id="oc-208">
         <name>.debug_info</name>
         <load_address>0xbdc</load_address>
         <run_address>0xbdc</run_address>
         <size>0x1055</size>
         <input_file_ref idref="fl-1"/>
      </object_component>
      <object_component id="oc-dc">
         <name>.debug_info</name>
         <load_address>0x1c31</load_address>
         <run_address>0x1c31</run_address>
         <size>0x37e2</size>
         <input_file_ref idref="fl-1"/>
      </object_component>
      <object_component id="oc-e3">
         <name>.debug_info</name>
         <load_address>0x5413</load_address>
         <run_address>0x5413</run_address>
         <size>0x26b</size>
         <input_file_ref idref="fl-1"/>
      </object_component>
      <object_component id="oc-d7">
         <name>.debug_info</name>
         <load_address>0x567e</load_address>
         <run_address>0x567e</run_address>
         <size>0x8b</size>
         <input_file_ref idref="fl-1"/>
      </object_component>
      <object_component id="oc-172">
         <name>.debug_info</name>
         <load_address>0x5709</load_address>
         <run_address>0x5709</run_address>
         <size>0x2a4</size>
         <input_file_ref idref="fl-1"/>
      </object_component>
      <object_component id="oc-146">
         <name>.debug_info</name>
         <load_address>0x59ad</load_address>
         <run_address>0x59ad</run_address>
         <size>0xbb</size>
         <input_file_ref idref="fl-1"/>
      </object_component>
      <object_component id="oc-16a">
         <name>.debug_info</name>
         <load_address>0x5a68</load_address>
         <run_address>0x5a68</run_address>
         <size>0x2c</size>
         <input_file_ref idref="fl-1"/>
      </object_component>
      <object_component id="oc-b4">
         <name>.debug_info</name>
         <load_address>0x5a94</load_address>
         <run_address>0x5a94</run_address>
         <size>0x355</size>
         <input_file_ref idref="fl-2"/>
      </object_component>
      <object_component id="oc-35">
         <name>.debug_info</name>
         <load_address>0x5de9</load_address>
         <run_address>0x5de9</run_address>
         <size>0x84</size>
         <input_file_ref idref="fl-2"/>
      </object_component>
      <object_component id="oc-78">
         <name>.debug_info</name>
         <load_address>0x5e6d</load_address>
         <run_address>0x5e6d</run_address>
         <size>0x2d9</size>
         <input_file_ref idref="fl-3"/>
      </object_component>
      <object_component id="oc-27">
         <name>.debug_info</name>
         <load_address>0x6146</load_address>
         <run_address>0x6146</run_address>
         <size>0x105</size>
         <input_file_ref idref="fl-3"/>
      </object_component>
      <object_component id="oc-6b">
         <name>.debug_info</name>
         <load_address>0x624b</load_address>
         <run_address>0x624b</run_address>
         <size>0x1cc</size>
         <input_file_ref idref="fl-3"/>
      </object_component>
      <object_component id="oc-143">
         <name>.debug_info</name>
         <load_address>0x6417</load_address>
         <run_address>0x6417</run_address>
         <size>0xfe</size>
         <input_file_ref idref="fl-4"/>
      </object_component>
      <object_component id="oc-ad">
         <name>.debug_info</name>
         <load_address>0x6515</load_address>
         <run_address>0x6515</run_address>
         <size>0x270</size>
         <input_file_ref idref="fl-4"/>
      </object_component>
      <object_component id="oc-169">
         <name>.debug_info</name>
         <load_address>0x6785</load_address>
         <run_address>0x6785</run_address>
         <size>0x3e5</size>
         <input_file_ref idref="fl-be"/>
      </object_component>
      <object_component id="oc-163">
         <name>.debug_info</name>
         <load_address>0x6b6a</load_address>
         <run_address>0x6b6a</run_address>
         <size>0x157</size>
         <input_file_ref idref="fl-be"/>
      </object_component>
      <object_component id="oc-15d">
         <name>.debug_info</name>
         <load_address>0x6cc1</load_address>
         <run_address>0x6cc1</run_address>
         <size>0x166</size>
         <input_file_ref idref="fl-be"/>
      </object_component>
      <object_component id="oc-ce">
         <name>.debug_info</name>
         <load_address>0x6e27</load_address>
         <run_address>0x6e27</run_address>
         <size>0x1ac</size>
         <input_file_ref idref="fl-be"/>
      </object_component>
      <object_component id="oc-201">
         <name>.debug_info</name>
         <load_address>0x6fd3</load_address>
         <run_address>0x6fd3</run_address>
         <size>0xb2</size>
         <input_file_ref idref="fl-be"/>
      </object_component>
      <object_component id="oc-1d8">
         <name>.debug_info</name>
         <load_address>0x7085</load_address>
         <run_address>0x7085</run_address>
         <size>0x590</size>
         <input_file_ref idref="fl-bf"/>
      </object_component>
      <object_component id="oc-1a3">
         <name>.debug_info</name>
         <load_address>0x7615</load_address>
         <run_address>0x7615</run_address>
         <size>0x21e</size>
         <input_file_ref idref="fl-bf"/>
      </object_component>
      <object_component id="oc-24d">
         <name>.debug_info</name>
         <load_address>0x7833</load_address>
         <run_address>0x7833</run_address>
         <size>0x1b3</size>
         <input_file_ref idref="fl-bf"/>
      </object_component>
      <object_component id="oc-253">
         <name>.debug_info</name>
         <load_address>0x79e6</load_address>
         <run_address>0x79e6</run_address>
         <size>0x21b</size>
         <input_file_ref idref="fl-bf"/>
      </object_component>
      <object_component id="oc-1ae">
         <name>.debug_info</name>
         <load_address>0x7c01</load_address>
         <run_address>0x7c01</run_address>
         <size>0x3c0</size>
         <input_file_ref idref="fl-bf"/>
      </object_component>
      <object_component id="oc-25a">
         <name>.debug_info</name>
         <load_address>0x7fc1</load_address>
         <run_address>0x7fc1</run_address>
         <size>0x30a</size>
         <input_file_ref idref="fl-bf"/>
      </object_component>
      <object_component id="oc-260">
         <name>.debug_info</name>
         <load_address>0x82cb</load_address>
         <run_address>0x82cb</run_address>
         <size>0x215</size>
         <input_file_ref idref="fl-bf"/>
      </object_component>
      <object_component id="oc-1b4">
         <name>.debug_info</name>
         <load_address>0x84e0</load_address>
         <run_address>0x84e0</run_address>
         <size>0x215</size>
         <input_file_ref idref="fl-bf"/>
      </object_component>
      <object_component id="oc-1ba">
         <name>.debug_info</name>
         <load_address>0x86f5</load_address>
         <run_address>0x86f5</run_address>
         <size>0x304</size>
         <input_file_ref idref="fl-bf"/>
      </object_component>
      <object_component id="oc-1c0">
         <name>.debug_info</name>
         <load_address>0x89f9</load_address>
         <run_address>0x89f9</run_address>
         <size>0x4b5</size>
         <input_file_ref idref="fl-bf"/>
      </object_component>
      <object_component id="oc-151">
         <name>.debug_info</name>
         <load_address>0x8eae</load_address>
         <run_address>0x8eae</run_address>
         <size>0x5f4</size>
         <input_file_ref idref="fl-bf"/>
      </object_component>
      <object_component id="oc-1d9">
         <name>.debug_info</name>
         <load_address>0x94a2</load_address>
         <run_address>0x94a2</run_address>
         <size>0x86</size>
         <input_file_ref idref="fl-bf"/>
      </object_component>
      <object_component id="oc-28f">
         <name>.debug_info</name>
         <load_address>0x9528</load_address>
         <run_address>0x9528</run_address>
         <size>0x39</size>
         <input_file_ref idref="fl-bf"/>
      </object_component>
      <object_component id="oc-2fb">
         <name>.debug_info</name>
         <load_address>0x9561</load_address>
         <run_address>0x9561</run_address>
         <size>0xb6</size>
         <input_file_ref idref="fl-bf"/>
      </object_component>
      <object_component id="oc-294">
         <name>.debug_info</name>
         <load_address>0x9617</load_address>
         <run_address>0x9617</run_address>
         <size>0x46</size>
         <input_file_ref idref="fl-bf"/>
      </object_component>
      <object_component id="oc-1de">
         <name>.debug_info</name>
         <load_address>0x965d</load_address>
         <run_address>0x965d</run_address>
         <size>0x46</size>
         <input_file_ref idref="fl-bf"/>
      </object_component>
      <object_component id="oc-28a">
         <name>.debug_info</name>
         <load_address>0x96a3</load_address>
         <run_address>0x96a3</run_address>
         <size>0x2c</size>
         <input_file_ref idref="fl-bf"/>
      </object_component>
      <object_component id="oc-2b9">
         <name>.debug_info</name>
         <load_address>0x96cf</load_address>
         <run_address>0x96cf</run_address>
         <size>0x383</size>
         <input_file_ref idref="fl-c0"/>
      </object_component>
      <object_component id="oc-1f9">
         <name>.debug_info</name>
         <load_address>0x9a52</load_address>
         <run_address>0x9a52</run_address>
         <size>0x1ea</size>
         <input_file_ref idref="fl-c0"/>
      </object_component>
      <object_component id="oc-2b7">
         <name>.debug_info</name>
         <load_address>0x9c3c</load_address>
         <run_address>0x9c3c</run_address>
         <size>0x3fc</size>
         <input_file_ref idref="fl-c1"/>
      </object_component>
      <object_component id="oc-1f2">
         <name>.debug_info</name>
         <load_address>0xa038</load_address>
         <run_address>0xa038</run_address>
         <size>0x2e2</size>
         <input_file_ref idref="fl-c1"/>
      </object_component>
      <object_component id="oc-fb">
         <name>.debug_info</name>
         <load_address>0xa31a</load_address>
         <run_address>0xa31a</run_address>
         <size>0x2c</size>
         <input_file_ref idref="fl-c1"/>
      </object_component>
      <object_component id="oc-30d">
         <name>.debug_info</name>
         <load_address>0xa346</load_address>
         <run_address>0xa346</run_address>
         <size>0x300</size>
         <input_file_ref idref="fl-c2"/>
      </object_component>
      <object_component id="oc-29f">
         <name>.debug_info</name>
         <load_address>0xa646</load_address>
         <run_address>0xa646</run_address>
         <size>0x19c</size>
         <input_file_ref idref="fl-c2"/>
      </object_component>
      <object_component id="oc-348">
         <name>.debug_info</name>
         <load_address>0xa7e2</load_address>
         <run_address>0xa7e2</run_address>
         <size>0xbf</size>
         <input_file_ref idref="fl-c2"/>
      </object_component>
      <object_component id="oc-347">
         <name>.debug_info</name>
         <load_address>0xa8a1</load_address>
         <run_address>0xa8a1</run_address>
         <size>0x374</size>
         <input_file_ref idref="fl-c3"/>
      </object_component>
      <object_component id="oc-307">
         <name>.debug_info</name>
         <load_address>0xac15</load_address>
         <run_address>0xac15</run_address>
         <size>0x20b</size>
         <input_file_ref idref="fl-c3"/>
      </object_component>
      <object_component id="oc-248">
         <name>.debug_info</name>
         <load_address>0xae20</load_address>
         <run_address>0xae20</run_address>
         <size>0x14c</size>
         <input_file_ref idref="fl-c4"/>
      </object_component>
      <object_component id="oc-1a9">
         <name>.debug_info</name>
         <load_address>0xaf6c</load_address>
         <run_address>0xaf6c</run_address>
         <size>0x128</size>
         <input_file_ref idref="fl-c5"/>
      </object_component>
      <object_component id="oc-233">
         <name>.debug_info</name>
         <load_address>0xb094</load_address>
         <run_address>0xb094</run_address>
         <size>0x12a</size>
         <input_file_ref idref="fl-c5"/>
      </object_component>
      <object_component id="oc-c4">
         <name>.debug_info</name>
         <load_address>0xb1be</load_address>
         <run_address>0xb1be</run_address>
         <size>0x13a</size>
         <input_file_ref idref="fl-c6"/>
      </object_component>
      <object_component id="oc-bf">
         <name>.debug_info</name>
         <load_address>0xb2f8</load_address>
         <run_address>0xb2f8</run_address>
         <size>0x13a</size>
         <input_file_ref idref="fl-c7"/>
      </object_component>
      <object_component id="oc-238">
         <name>.debug_info</name>
         <load_address>0xb432</load_address>
         <run_address>0xb432</run_address>
         <size>0x12e</size>
         <input_file_ref idref="fl-c8"/>
      </object_component>
      <object_component id="oc-c9">
         <name>.debug_info</name>
         <load_address>0xb560</load_address>
         <run_address>0xb560</run_address>
         <size>0x13e</size>
         <input_file_ref idref="fl-c9"/>
      </object_component>
      <object_component id="oc-ba">
         <name>.debug_info</name>
         <load_address>0xb69e</load_address>
         <run_address>0xb69e</run_address>
         <size>0x12c</size>
         <input_file_ref idref="fl-ca"/>
      </object_component>
      <object_component id="oc-243">
         <name>.debug_info</name>
         <load_address>0xb7ca</load_address>
         <run_address>0xb7ca</run_address>
         <size>0x12c</size>
         <input_file_ref idref="fl-cb"/>
      </object_component>
      <object_component id="oc-3b">
         <name>.debug_info</name>
         <load_address>0xb8f6</load_address>
         <run_address>0xb8f6</run_address>
         <size>0x119</size>
         <input_file_ref idref="fl-cc"/>
      </object_component>
      <object_component id="oc-22c">
         <name>.debug_info</name>
         <load_address>0xba0f</load_address>
         <run_address>0xba0f</run_address>
         <size>0x134</size>
         <input_file_ref idref="fl-cd"/>
      </object_component>
      <object_component id="oc-95">
         <name>.debug_info</name>
         <load_address>0xbb43</load_address>
         <run_address>0xbb43</run_address>
         <size>0x147</size>
         <input_file_ref idref="fl-ce"/>
      </object_component>
      <object_component id="oc-93">
         <name>.debug_info</name>
         <load_address>0xbc8a</load_address>
         <run_address>0xbc8a</run_address>
         <size>0x2d4</size>
         <input_file_ref idref="fl-cf"/>
      </object_component>
      <object_component id="oc-47">
         <name>.debug_info</name>
         <load_address>0xbf5e</load_address>
         <run_address>0xbf5e</run_address>
         <size>0x1d2</size>
         <input_file_ref idref="fl-cf"/>
      </object_component>
      <object_component id="oc-8e">
         <name>.debug_info</name>
         <load_address>0xc130</load_address>
         <run_address>0xc130</run_address>
         <size>0x46</size>
         <input_file_ref idref="fl-cf"/>
      </object_component>
      <object_component id="oc-45">
         <name>.debug_info</name>
         <load_address>0xc176</load_address>
         <run_address>0xc176</run_address>
         <size>0x2a8</size>
         <input_file_ref idref="fl-d0"/>
      </object_component>
      <object_component id="oc-1e">
         <name>.debug_info</name>
         <load_address>0xc41e</load_address>
         <run_address>0xc41e</run_address>
         <size>0x1ea</size>
         <input_file_ref idref="fl-d0"/>
      </object_component>
      <object_component id="oc-40">
         <name>.debug_info</name>
         <load_address>0xc608</load_address>
         <run_address>0xc608</run_address>
         <size>0x46</size>
         <input_file_ref idref="fl-d0"/>
      </object_component>
      <object_component id="oc-86">
         <name>.debug_info</name>
         <load_address>0xc64e</load_address>
         <run_address>0xc64e</run_address>
         <size>0x2c</size>
         <input_file_ref idref="fl-d0"/>
      </object_component>
      <object_component id="oc-84">
         <name>.debug_info</name>
         <load_address>0xc67a</load_address>
         <run_address>0xc67a</run_address>
         <size>0x29e</size>
         <input_file_ref idref="fl-d1"/>
      </object_component>
      <object_component id="oc-18">
         <name>.debug_info</name>
         <load_address>0xc918</load_address>
         <run_address>0xc918</run_address>
         <size>0x250</size>
         <input_file_ref idref="fl-d1"/>
      </object_component>
      <object_component id="oc-30">
         <name>.debug_info</name>
         <load_address>0xcb68</load_address>
         <run_address>0xcb68</run_address>
         <size>0x60</size>
         <input_file_ref idref="fl-d1"/>
      </object_component>
      <object_component id="oc-f4">
         <name>.debug_info</name>
         <load_address>0xcbc8</load_address>
         <run_address>0xcbc8</run_address>
         <size>0x46</size>
         <input_file_ref idref="fl-d1"/>
      </object_component>
      <object_component id="oc-7f">
         <name>.debug_info</name>
         <load_address>0xcc0e</load_address>
         <run_address>0xcc0e</run_address>
         <size>0x39</size>
         <input_file_ref idref="fl-d1"/>
      </object_component>
      <object_component id="oc-17c">
         <name>.debug_info</name>
         <load_address>0xcc47</load_address>
         <run_address>0xcc47</run_address>
         <size>0x3ad</size>
         <input_file_ref idref="fl-d2"/>
      </object_component>
      <object_component id="oc-179">
         <name>.debug_info</name>
         <load_address>0xcff4</load_address>
         <run_address>0xcff4</run_address>
         <size>0x190</size>
         <input_file_ref idref="fl-d2"/>
      </object_component>
      <object_component id="oc-105">
         <name>.debug_info</name>
         <load_address>0xd184</load_address>
         <run_address>0xd184</run_address>
         <size>0x122</size>
         <input_file_ref idref="fl-d2"/>
      </object_component>
      <object_component id="oc-10b">
         <name>.debug_info</name>
         <load_address>0xd2a6</load_address>
         <run_address>0xd2a6</run_address>
         <size>0x184</size>
         <input_file_ref idref="fl-d2"/>
      </object_component>
      <object_component id="oc-1eb">
         <name>.debug_info</name>
         <load_address>0xd42a</load_address>
         <run_address>0xd42a</run_address>
         <size>0x2c9</size>
         <input_file_ref idref="fl-d3"/>
      </object_component>
      <object_component id="oc-157">
         <name>.debug_info</name>
         <load_address>0xd6f3</load_address>
         <run_address>0xd6f3</run_address>
         <size>0x11e</size>
         <input_file_ref idref="fl-d3"/>
      </object_component>
      <object_component id="oc-1e4">
         <name>.debug_info</name>
         <load_address>0xd811</load_address>
         <run_address>0xd811</run_address>
         <size>0x12e</size>
         <input_file_ref idref="fl-d3"/>
      </object_component>
      <object_component id="oc-2d6">
         <name>.debug_info</name>
         <load_address>0xd93f</load_address>
         <run_address>0xd93f</run_address>
         <size>0x29c</size>
         <input_file_ref idref="fl-d4"/>
      </object_component>
      <object_component id="oc-23d">
         <name>.debug_info</name>
         <load_address>0xdbdb</load_address>
         <run_address>0xdbdb</run_address>
         <size>0x1da</size>
         <input_file_ref idref="fl-d4"/>
      </object_component>
      <object_component id="oc-22a">
         <name>.debug_info</name>
         <load_address>0xddb5</load_address>
         <run_address>0xddb5</run_address>
         <size>0x2b9</size>
         <input_file_ref idref="fl-d5"/>
      </object_component>
      <object_component id="oc-19d">
         <name>.debug_info</name>
         <load_address>0xe06e</load_address>
         <run_address>0xe06e</run_address>
         <size>0x17c</size>
         <input_file_ref idref="fl-d5"/>
      </object_component>
      <object_component id="oc-2ca">
         <name>.debug_info</name>
         <load_address>0xe1ea</load_address>
         <run_address>0xe1ea</run_address>
         <size>0xf9</size>
         <input_file_ref idref="fl-d6"/>
      </object_component>
      <object_component id="oc-227">
         <name>.debug_info</name>
         <load_address>0xe2e3</load_address>
         <run_address>0xe2e3</run_address>
         <size>0x105</size>
         <input_file_ref idref="fl-d6"/>
      </object_component>
      <object_component id="oc-1ef">
         <name>.debug_info</name>
         <load_address>0xe3e8</load_address>
         <run_address>0xe3e8</run_address>
         <size>0x144</size>
         <input_file_ref idref="fl-d7"/>
      </object_component>
      <object_component id="oc-15a">
         <name>.debug_info</name>
         <load_address>0xe52c</load_address>
         <run_address>0xe52c</run_address>
         <size>0x102</size>
         <input_file_ref idref="fl-d7"/>
      </object_component>
      <object_component id="oc-384">
         <name>.debug_info</name>
         <load_address>0xe62e</load_address>
         <run_address>0xe62e</run_address>
         <size>0x18f</size>
         <input_file_ref idref="fl-d7"/>
      </object_component>
      <object_component id="oc-27b">
         <name>.debug_info</name>
         <load_address>0xe7bd</load_address>
         <run_address>0xe7bd</run_address>
         <size>0x2a7</size>
         <input_file_ref idref="fl-d8"/>
      </object_component>
      <object_component id="oc-1c6">
         <name>.debug_info</name>
         <load_address>0xea64</load_address>
         <run_address>0xea64</run_address>
         <size>0x1b8</size>
         <input_file_ref idref="fl-d8"/>
      </object_component>
      <object_component id="oc-30f">
         <name>.debug_info</name>
         <load_address>0xec1c</load_address>
         <run_address>0xec1c</run_address>
         <size>0x2a5</size>
         <input_file_ref idref="fl-d9"/>
      </object_component>
      <object_component id="oc-2a5">
         <name>.debug_info</name>
         <load_address>0xeec1</load_address>
         <run_address>0xeec1</run_address>
         <size>0x25d</size>
         <input_file_ref idref="fl-d9"/>
      </object_component>
      <object_component id="oc-7b">
         <name>.debug_info</name>
         <load_address>0xf11e</load_address>
         <run_address>0xf11e</run_address>
         <size>0x3b2</size>
         <input_file_ref idref="fl-da"/>
      </object_component>
      <object_component id="oc-2a">
         <name>.debug_info</name>
         <load_address>0xf4d0</load_address>
         <run_address>0xf4d0</run_address>
         <size>0x10c</size>
         <input_file_ref idref="fl-da"/>
      </object_component>
      <object_component id="oc-3ba">
         <name>.debug_info</name>
         <load_address>0xf5dc</load_address>
         <run_address>0xf5dc</run_address>
         <size>0x13f</size>
         <input_file_ref idref="fl-da"/>
      </object_component>
      <object_component id="oc-33b">
         <name>.debug_info</name>
         <load_address>0xf71b</load_address>
         <run_address>0xf71b</run_address>
         <size>0x168</size>
         <input_file_ref idref="fl-da"/>
      </object_component>
      <object_component id="oc-36a">
         <name>.debug_info</name>
         <load_address>0xf883</load_address>
         <run_address>0xf883</run_address>
         <size>0x18e</size>
         <input_file_ref idref="fl-da"/>
      </object_component>
      <object_component id="oc-370">
         <name>.debug_info</name>
         <load_address>0xfa11</load_address>
         <run_address>0xfa11</run_address>
         <size>0x19f</size>
         <input_file_ref idref="fl-da"/>
      </object_component>
      <object_component id="oc-335">
         <name>.debug_info</name>
         <load_address>0xfbb0</load_address>
         <run_address>0xfbb0</run_address>
         <size>0x203</size>
         <input_file_ref idref="fl-da"/>
      </object_component>
      <object_component id="oc-3bf">
         <name>.debug_info</name>
         <load_address>0xfdb3</load_address>
         <run_address>0xfdb3</run_address>
         <size>0x1db</size>
         <input_file_ref idref="fl-da"/>
      </object_component>
      <object_component id="oc-377">
         <name>.debug_info</name>
         <load_address>0xff8e</load_address>
         <run_address>0xff8e</run_address>
         <size>0x299</size>
         <input_file_ref idref="fl-da"/>
      </object_component>
      <object_component id="oc-ef">
         <name>.debug_info</name>
         <load_address>0x10227</load_address>
         <run_address>0x10227</run_address>
         <size>0xb2</size>
         <input_file_ref idref="fl-da"/>
      </object_component>
      <object_component id="oc-ea">
         <name>.debug_info</name>
         <load_address>0x102d9</load_address>
         <run_address>0x102d9</run_address>
         <size>0x2c</size>
         <input_file_ref idref="fl-da"/>
      </object_component>
      <object_component id="oc-2ed">
         <name>.debug_info</name>
         <load_address>0x10305</load_address>
         <run_address>0x10305</run_address>
         <size>0x29a</size>
         <input_file_ref idref="fl-db"/>
      </object_component>
      <object_component id="oc-274">
         <name>.debug_info</name>
         <load_address>0x1059f</load_address>
         <run_address>0x1059f</run_address>
         <size>0x262</size>
         <input_file_ref idref="fl-db"/>
      </object_component>
      <object_component id="oc-225">
         <name>.debug_info</name>
         <load_address>0x10801</load_address>
         <run_address>0x10801</run_address>
         <size>0x28f</size>
         <input_file_ref idref="fl-dc"/>
      </object_component>
      <object_component id="oc-197">
         <name>.debug_info</name>
         <load_address>0x10a90</load_address>
         <run_address>0x10a90</run_address>
         <size>0x245</size>
         <input_file_ref idref="fl-dc"/>
      </object_component>
      <object_component id="oc-316">
         <name>.debug_info</name>
         <load_address>0x10cd5</load_address>
         <run_address>0x10cd5</run_address>
         <size>0x397</size>
         <input_file_ref idref="fl-dd"/>
      </object_component>
      <object_component id="oc-2b1">
         <name>.debug_info</name>
         <load_address>0x1106c</load_address>
         <run_address>0x1106c</run_address>
         <size>0x18f</size>
         <input_file_ref idref="fl-dd"/>
      </object_component>
      <object_component id="oc-35b">
         <name>.debug_info</name>
         <load_address>0x111fb</load_address>
         <run_address>0x111fb</run_address>
         <size>0x120</size>
         <input_file_ref idref="fl-dd"/>
      </object_component>
      <object_component id="oc-360">
         <name>.debug_info</name>
         <load_address>0x1131b</load_address>
         <run_address>0x1131b</run_address>
         <size>0x2c</size>
         <input_file_ref idref="fl-dd"/>
      </object_component>
      <object_component id="oc-358">
         <name>.debug_info</name>
         <load_address>0x11347</load_address>
         <run_address>0x11347</run_address>
         <size>0x337</size>
         <input_file_ref idref="fl-de"/>
      </object_component>
      <object_component id="oc-354">
         <name>.debug_info</name>
         <load_address>0x1167e</load_address>
         <run_address>0x1167e</run_address>
         <size>0x109</size>
         <input_file_ref idref="fl-de"/>
      </object_component>
      <object_component id="oc-313">
         <name>.debug_info</name>
         <load_address>0x11787</load_address>
         <run_address>0x11787</run_address>
         <size>0x109</size>
         <input_file_ref idref="fl-de"/>
      </object_component>
      <object_component id="oc-2d">
         <name>.debug_info</name>
         <load_address>0x11890</load_address>
         <run_address>0x11890</run_address>
         <size>0x10b</size>
         <input_file_ref idref="fl-df"/>
      </object_component>
      <object_component id="oc-59">
         <name>.debug_info</name>
         <load_address>0x1199b</load_address>
         <run_address>0x1199b</run_address>
         <size>0x1a9</size>
         <input_file_ref idref="fl-df"/>
      </object_component>
      <object_component id="oc-287">
         <name>.debug_info</name>
         <load_address>0x11b44</load_address>
         <run_address>0x11b44</run_address>
         <size>0x289</size>
         <input_file_ref idref="fl-e0"/>
      </object_component>
      <object_component id="oc-284">
         <name>.debug_info</name>
         <load_address>0x11dcd</load_address>
         <run_address>0x11dcd</run_address>
         <size>0x10e</size>
         <input_file_ref idref="fl-e0"/>
      </object_component>
      <object_component id="oc-1d2">
         <name>.debug_info</name>
         <load_address>0x11edb</load_address>
         <run_address>0x11edb</run_address>
         <size>0x14e</size>
         <input_file_ref idref="fl-e0"/>
      </object_component>
      <object_component id="oc-2de">
         <name>.debug_info</name>
         <load_address>0x12029</load_address>
         <run_address>0x12029</run_address>
         <size>0x29a</size>
         <input_file_ref idref="fl-e1"/>
      </object_component>
      <object_component id="oc-268">
         <name>.debug_info</name>
         <load_address>0x122c3</load_address>
         <run_address>0x122c3</run_address>
         <size>0x195</size>
         <input_file_ref idref="fl-e1"/>
      </object_component>
      <object_component id="oc-322">
         <name>.debug_info</name>
         <load_address>0x12458</load_address>
         <run_address>0x12458</run_address>
         <size>0x39</size>
         <input_file_ref idref="fl-e1"/>
      </object_component>
      <object_component id="oc-2df">
         <name>.debug_info</name>
         <load_address>0x12491</load_address>
         <run_address>0x12491</run_address>
         <size>0x2c</size>
         <input_file_ref idref="fl-e1"/>
      </object_component>
      <object_component id="oc-2eb">
         <name>.debug_info</name>
         <load_address>0x124bd</load_address>
         <run_address>0x124bd</run_address>
         <size>0x2fd</size>
         <input_file_ref idref="fl-e2"/>
      </object_component>
      <object_component id="oc-26f">
         <name>.debug_info</name>
         <load_address>0x127ba</load_address>
         <run_address>0x127ba</run_address>
         <size>0x225</size>
         <input_file_ref idref="fl-e2"/>
      </object_component>
      <object_component id="oc-282">
         <name>.debug_info</name>
         <load_address>0x129df</load_address>
         <run_address>0x129df</run_address>
         <size>0x28f</size>
         <input_file_ref idref="fl-e3"/>
      </object_component>
      <object_component id="oc-1ce">
         <name>.debug_info</name>
         <load_address>0x12c6e</load_address>
         <run_address>0x12c6e</run_address>
         <size>0x15a</size>
         <input_file_ref idref="fl-e3"/>
      </object_component>
      <object_component id="oc-2f0">
         <name>.debug_info</name>
         <load_address>0x12dc8</load_address>
         <run_address>0x12dc8</run_address>
         <size>0x46</size>
         <input_file_ref idref="fl-e3"/>
      </object_component>
      <object_component id="oc-27d">
         <name>.debug_info</name>
         <load_address>0x12e0e</load_address>
         <run_address>0x12e0e</run_address>
         <size>0x39</size>
         <input_file_ref idref="fl-e3"/>
      </object_component>
      <object_component id="oc-2e8">
         <name>.debug_info</name>
         <load_address>0x12e47</load_address>
         <run_address>0x12e47</run_address>
         <size>0x161</size>
         <input_file_ref idref="fl-e4"/>
      </object_component>
      <object_component id="oc-311">
         <name>.debug_info</name>
         <load_address>0x12fa8</load_address>
         <run_address>0x12fa8</run_address>
         <size>0x347</size>
         <input_file_ref idref="fl-e5"/>
      </object_component>
      <object_component id="oc-2ab">
         <name>.debug_info</name>
         <load_address>0x132ef</load_address>
         <run_address>0x132ef</run_address>
         <size>0x18a</size>
         <input_file_ref idref="fl-e5"/>
      </object_component>
      <object_component id="oc-343">
         <name>.debug_info</name>
         <load_address>0x13479</load_address>
         <run_address>0x13479</run_address>
         <size>0x176</size>
         <input_file_ref idref="fl-e6"/>
      </object_component>
      <object_component id="oc-333">
         <name>.debug_info</name>
         <load_address>0x135ef</load_address>
         <run_address>0x135ef</run_address>
         <size>0x324</size>
         <input_file_ref idref="fl-e7"/>
      </object_component>
      <object_component id="oc-302">
         <name>.debug_info</name>
         <load_address>0x13913</load_address>
         <run_address>0x13913</run_address>
         <size>0x1ec</size>
         <input_file_ref idref="fl-e7"/>
      </object_component>
      <object_component id="oc-2ce">
         <name>.debug_info</name>
         <load_address>0x13aff</load_address>
         <run_address>0x13aff</run_address>
         <size>0x115</size>
         <input_file_ref idref="fl-e8"/>
      </object_component>
[...]
      </symbol>
      <symbol id="sm-389">
         <name>__aeabi_d2f</name>
         <value>0x264f</value>
         <object_component_ref idref="oc-c8"/>
      </symbol>
      <symbol id="sm-394">
         <name>__aeabi_f2d</name>
         <value>0x2ea5</value>
         <object_component_ref idref="oc-b9"/>
      </symbol>
      <symbol id="sm-39e">
         <name>__aeabi_i2d</name>
         <value>0x2fe1</value>
         <object_component_ref idref="oc-242"/>
      </symbol>
      <symbol id="sm-3b9">
         <name>memcpy</name>
         <value>0x21b7</value>
         <object_component_ref idref="oc-3a"/>
      </symbol>
      <symbol id="sm-3ba">
         <name>__aeabi_memcpy</name>
         <value>0x21b7</value>
         <object_component_ref idref="oc-3a"/>
      </symbol>
      <symbol id="sm-3bb">
         <name>__aeabi_memcpy8</name>
         <value>0x21b7</value>
         <object_component_ref idref="oc-3a"/>
      </symbol>
      <symbol id="sm-3bc">
         <name>__aeabi_memcpy4</name>
         <value>0x21b7</value>
         <object_component_ref idref="oc-3a"/>
      </symbol>
      <symbol id="sm-3c9">
         <name>__aeabi_uldivmod</name>
         <value>0x2253</value>
         <object_component_ref idref="oc-22b"/>
      </symbol>
      <symbol id="sm-3d8">
         <name>__aeabi_memset</name>
         <value>0x2483</value>
         <object_component_ref idref="oc-94"/>
      </symbol>
      <symbol id="sm-3d9">
         <name>memset</name>
         <value>0x2489</value>
         <object_component_ref idref="oc-94"/>
      </symbol>
      <symbol id="sm-3da">
         <name>__aeabi_memset8</name>
         <value>0x2483</value>
         <object_component_ref idref="oc-94"/>
      </symbol>
      <symbol id="sm-3db">
         <name>__aeabi_memset4</name>
         <value>0x2483</value>
         <object_component_ref idref="oc-94"/>
      </symbol>
      <symbol id="sm-3dc">
         <name>__aeabi_memclr8</name>
         <value>0x2481</value>
         <object_component_ref idref="oc-94"/>
      </symbol>
      <symbol id="sm-3dd">
         <name>__aeabi_memclr4</name>
         <value>0x2481</value>
         <object_component_ref idref="oc-94"/>
      </symbol>
      <symbol id="sm-3de">
         <name>__aeabi_memclr</name>
         <value>0x2481</value>
         <object_component_ref idref="oc-94"/>
      </symbol>
      <symbol id="sm-3f2">
         <name>__TI_zero_init_nomemset</name>
         <value>0x30d5</value>
         <object_component_ref idref="oc-46"/>
      </symbol>
      <symbol id="sm-409">
         <name>__TI_decompress_none</name>
         <value>0x31ab</value>
         <object_component_ref idref="oc-1d"/>
      </symbol>
      <symbol id="sm-42c">
         <name>__TI_decompress_lzss</name>
         <value>0x2791</value>
         <object_component_ref idref="oc-17"/>
      </symbol>
      <symbol id="sm-452">
         <name>C$$EXIT</name>
         <value>0x31e5</value>
         <object_component_ref idref="oc-104"/>
      </symbol>
      <symbol id="sm-453">
         <name>abort</name>
         <value>0x31e5</value>
         <object_component_ref idref="oc-104"/>
      </symbol>
      <symbol id="sm-454">
         <name>__TI_dtors_ptr</name>
         <value>0x200005cc</value>
         <object_component_ref idref="oc-178"/>
      </symbol>
      <symbol id="sm-455">
         <name>__TI_cleanup_ptr</name>
         <value>0x200005c8</value>
         <object_component_ref idref="oc-178"/>
      </symbol>
      <symbol id="sm-456">
         <name>__TI_enable_exit_profile_output</name>
         <value>0x200005d0</value>
         <object_component_ref idref="oc-178"/>
      </symbol>
      <symbol id="sm-457">
         <name>exit</name>
         <value>0x2c8d</value>
         <object_component_ref idref="oc-10a"/>
      </symbol>
      <symbol id="sm-46c">
         <name>_nop</name>
         <value>0xb33</value>
         <object_component_ref idref="oc-1e3"/>
      </symbol>
      <symbol id="sm-46d">
         <name>_lock</name>
         <value>0x200005e0</value>
         <object_component_ref idref="oc-156"/>
      </symbol>
      <symbol id="sm-46e">
         <name>_unlock</name>
         <value>0x200005e4</value>
         <object_component_ref idref="oc-156"/>
      </symbol>
      <symbol id="sm-47d">
         <name>__TI_ltoa</name>
         <value>0x2b4f</value>
         <object_component_ref idref="oc-23c"/>
      </symbol>
      <symbol id="sm-493">
         <name>atoi</name>
         <value>0x2c41</value>
         <object_component_ref idref="oc-19c"/>
      </symbol>
      <symbol id="sm-49e">
         <name>_ctypes_</name>
         <value>0x31e8</value>
         <object_component_ref idref="oc-226"/>
      </symbol>
      <symbol id="sm-4b3">
         <name>__TI_tmpnams</name>
         <value>0x20000718</value>
      </symbol>
      <symbol id="sm-4b4">
         <name>__aeabi_stdout</name>
         <value>0x200005c0</value>
         <object_component_ref idref="oc-383"/>
      </symbol>
      <symbol id="sm-4b5">
         <name>__aeabi_stderr</name>
         <value>0x200005c4</value>
         <object_component_ref idref="oc-383"/>
      </symbol>
      <symbol id="sm-4b6">
         <name>__aeabi_stdin</name>
         <value>0x200005bc</value>
         <object_component_ref idref="oc-383"/>
      </symbol>
      <symbol id="sm-4b7">
         <name>_ftable</name>
         <value>0x20000400</value>
         <object_component_ref idref="oc-159"/>
      </symbol>
      <symbol id="sm-4b8">
         <name>__TI_ft_end</name>
         <value>0x200005b8</value>
         <object_component_ref idref="oc-383"/>
      </symbol>
      <symbol id="sm-4c8">
         <name>memccpy</name>
         <value>0x310d</value>
         <object_component_ref idref="oc-1c5"/>
      </symbol>
      <symbol id="sm-4d8">
         <name>memchr</name>
         <value>0x30b5</value>
         <object_component_ref idref="oc-2a4"/>
      </symbol>
      <symbol id="sm-561">
         <name>_sys_memory</name>
         <value>0x20000000</value>
         <object_component_ref idref="oc-29"/>
      </symbol>
      <symbol id="sm-562">
         <name>free</name>
         <value>0x1f45</value>
         <object_component_ref idref="oc-334"/>
      </symbol>
      <symbol id="sm-563">
         <name>memalign</name>
         <value>0x1d49</value>
         <object_component_ref idref="oc-376"/>
      </symbol>
      <symbol id="sm-564">
         <name>malloc</name>
         <value>0x31d1</value>
         <object_component_ref idref="oc-33a"/>
      </symbol>
      <symbol id="sm-565">
         <name>aligned_alloc</name>
         <value>0x1d49</value>
         <object_component_ref idref="oc-376"/>
      </symbol>
      <symbol id="sm-575">
         <name>strchr</name>
         <value>0x315b</value>
         <object_component_ref idref="oc-273"/>
      </symbol>
      <symbol id="sm-583">
         <name>strlen</name>
         <value>0x3185</value>
         <object_component_ref idref="oc-196"/>
      </symbol>
      <symbol id="sm-59d">
         <name>write</name>
         <value>0x308d</value>
         <object_component_ref idref="oc-2b0"/>
      </symbol>
      <symbol id="sm-5ae">
         <name>_stream</name>
         <value>0x20000568</value>
         <object_component_ref idref="oc-312"/>
      </symbol>
      <symbol id="sm-5af">
         <name>_device</name>
         <value>0x200004f0</value>
         <object_component_ref idref="oc-353"/>
      </symbol>
      <symbol id="sm-5c2">
         <name>__stack</name>
         <value>0x2000fe00</value>
         <object_component_ref idref="oc-2c"/>
      </symbol>
      <symbol id="sm-5c3">
         <name>_c_int00_noargs</name>
         <value>0x2f7d</value>
         <object_component_ref idref="oc-58"/>
      </symbol>
      <symbol id="sm-5d9">
         <name>__aeabi_errno_addr</name>
         <value>0x31c9</value>
         <object_component_ref idref="oc-1d1"/>
      </symbol>
      <symbol id="sm-5da">
         <name>errno</name>
         <value>0x200005f0</value>
         <object_component_ref idref="oc-283"/>
      </symbol>
      <symbol id="sm-5fa">
         <name>frexpl</name>
         <value>0x2861</value>
         <object_component_ref idref="oc-267"/>
      </symbol>
      <symbol id="sm-5fb">
         <name>frexp</name>
         <value>0x2861</value>
         <object_component_ref idref="oc-267"/>
      </symbol>
      <symbol id="sm-618">
         <name>scalbn</name>
         <value>0x1c39</value>
         <object_component_ref idref="oc-26d"/>
      </symbol>
      <symbol id="sm-619">
         <name>scalbnl</name>
         <value>0x1c39</value>
         <object_component_ref idref="oc-26d"/>
      </symbol>
      <symbol id="sm-61a">
         <name>ldexpl</name>
         <value>0x1c39</value>
         <object_component_ref idref="oc-26d"/>
      </symbol>
      <symbol id="sm-61b">
         <name>ldexp</name>
         <value>0x1c39</value>
         <object_component_ref idref="oc-26d"/>
      </symbol>
      <symbol id="sm-634">
         <name>wcslen</name>
         <value>0x3199</value>
         <object_component_ref idref="oc-1cb"/>
      </symbol>
      <symbol id="sm-63e">
         <name>copysign</name>
         <value>0x3129</value>
         <object_component_ref idref="oc-2e4"/>
      </symbol>
      <symbol id="sm-63f">
         <name>copysignl</name>
         <value>0x3129</value>
         <object_component_ref idref="oc-2e4"/>
      </symbol>
      <symbol id="sm-64f">
         <name>__TI_doflush</name>
         <value>0x2bf5</value>
         <object_component_ref idref="oc-2aa"/>
      </symbol>
      <symbol id="sm-65f">
         <name>__TI_cleanup</name>
         <value>0x2f15</value>
         <object_component_ref idref="oc-340"/>
      </symbol>
      <symbol id="sm-671">
         <name>fseek</name>
         <value>0x28c5</value>
         <object_component_ref idref="oc-300"/>
      </symbol>
      <symbol id="sm-67b">
         <name>__aeabi_idiv0</name>
         <value>0x145f</value>
         <object_component_ref idref="oc-2cd"/>
      </symbol>
      <symbol id="sm-67c">
         <name>__aeabi_ldiv0</name>
         <value>0x145f</value>
         <object_component_ref idref="oc-2cd"/>
      </symbol>
      <symbol id="sm-6a4">
         <name>__TI_auto_init_nobinit_nopinit</name>
         <value>0x2da5</value>
         <object_component_ref idref="oc-110"/>
      </symbol>
      <symbol id="sm-6ae">
         <name>_system_pre_init</name>
         <value>0x31e1</value>
         <object_component_ref idref="oc-9a"/>
      </symbol>
      <symbol id="sm-6c1">
         <name>HOSTclose</name>
         <value>0x2d1d</value>
         <object_component_ref idref="oc-38f"/>
      </symbol>
      <symbol id="sm-6d2">
         <name>HOSTlseek</name>
         <value>0x2729</value>
         <object_component_ref idref="oc-3a1"/>
      </symbol>
      <symbol id="sm-6e4">
         <name>parmbuf</name>
         <value>0x200007b8</value>
      </symbol>
      <symbol id="sm-6e5">
         <name>HOSTopen</name>
         <value>0x298d</value>
         <object_component_ref idref="oc-389"/>
      </symbol>
      <symbol id="sm-6f6">
         <name>HOSTread</name>
         <value>0x2a49</value>
         <object_component_ref idref="oc-395"/>
      </symbol>
      <symbol id="sm-707">
         <name>HOSTrename</name>
         <value>0x26bd</value>
         <object_component_ref idref="oc-3ad"/>
      </symbol>
      <symbol id="sm-718">
         <name>HOSTunlink</name>
         <value>0x2d61</value>
         <object_component_ref idref="oc-3a7"/>
      </symbol>
      <symbol id="sm-729">
         <name>HOSTwrite</name>
         <value>0x2aa1</value>
         <object_component_ref idref="oc-39b"/>
      </symbol>
      <symbol id="sm-74d">
         <name>__TI_readmsg</name>
         <value>0x2f49</value>
         <object_component_ref idref="oc-3dc"/>
      </symbol>
      <symbol id="sm-74e">
         <name>C$$IO$$</name>
         <value>0x2e9b</value>
         <object_component_ref idref="oc-3d6"/>
      </symbol>
      <symbol id="sm-74f">
         <name>__CIOBUF_</name>
         <value>0x200005f8</value>
         <object_component_ref idref="oc-407"/>
      </symbol>
      <symbol id="sm-750">
         <name>__TI_writemsg</name>
         <value>0x2e6d</value>
         <object_component_ref idref="oc-3d6"/>
      </symbol>
      <symbol id="sm-761">
         <name>lseek</name>
         <value>0x3065</value>
         <object_component_ref idref="oc-32c"/>
      </symbol>
      <symbol id="sm-776">
         <name>__TI_closefile</name>
         <value>0x24fd</value>
         <object_component_ref idref="oc-37d"/>
      </symbol>
      <symbol id="sm-799">
         <name>finddevice</name>
         <value>0x2fb1</value>
         <object_component_ref idref="oc-425"/>
      </symbol>
      <symbol id="sm-79a">
         <name>getdevice</name>
         <value>0x2de9</value>
         <object_component_ref idref="oc-3fd"/>
      </symbol>
      <symbol id="sm-7a9">
         <name>strcmp</name>
         <value>0x3143</value>
         <object_component_ref idref="oc-43c"/>
      </symbol>
      <symbol id="sm-7b7">
         <name>strcpy</name>
         <value>0x3171</value>
         <object_component_ref idref="oc-3f0"/>
      </symbol>
      <symbol id="sm-7c7">
         <name>strncpy</name>
         <value>0x2edd</value>
         <object_component_ref idref="oc-41f"/>
      </symbol>
      <symbol id="sm-7dc">
         <name>close</name>
         <value>0x29ed</value>
         <object_component_ref idref="oc-3c5"/>
      </symbol>
      <symbol id="sm-7ec">
         <name>unlink</name>
         <value>0x3011</value>
         <object_component_ref idref="oc-3cb"/>
      </symbol>
      <symbol id="sm-7ed">
         <name>__TI_static_base__</name>
         <value>0x0</value>
      </symbol>
      <symbol id="sm-7f0">
         <name>__mpu_init</name>
         <value>0x0</value>
      </symbol>
      <symbol id="sm-7f1">
         <name>_system_post_cinit</name>
         <value>0x0</value>
      </symbol>
      <symbol id="sm-7f2">
         <name>NMI_Handler</name>
         <value>0x31c5</value>
      </symbol>
      <symbol id="sm-7f3">
         <name>HardFault_Handler</name>
         <value>0x31c5</value>
      </symbol>
      <symbol id="sm-7f4">
         <name>MemManage_Handler</name>
         <value>0x31c5</value>
      </symbol>
      <symbol id="sm-7f5">
         <name>BusFault_Handler</name>
         <value>0x31c5</value>
      </symbol>
      <symbol id="sm-7f6">
         <name>UsageFault_Handler</name>
         <value>0x31c5</value>
      </symbol>
      <symbol id="sm-7f7">
         <name>SVC_Handler</name>
         <value>0x31c5</value>
      </symbol>
      <symbol id="sm-7f8">
         <name>DebugMon_Handler</name>
         <value>0x31c5</value>
      </symbol>
      <symbol id="sm-7f9">
         <name>PendSV_Handler</name>
         <value>0x31c5</value>
      </symbol>
      <symbol id="sm-7fa">
         <name>SysTick_Handler</name>
         <value>0x31c5</value>
      </symbol>
      <symbol id="sm-7fb">
         <name>PSS_IRQHandler</name>
         <value>0x31c5</value>
      </symbol>
      <symbol id="sm-7fc">
         <name>CS_IRQHandler</name>
         <value>0x31c5</value>
      </symbol>
      <symbol id="sm-7fd">
         <name>PCM_IRQHandler</name>
         <value>0x31c5</value>
      </symbol>
      <symbol id="sm-7fe">
         <name>WDT_A_IRQHandler</name>
         <value>0x31c5</value>
      </symbol>
      <symbol id="sm-7ff">
         <name>FPU_IRQHandler</name>
         <value>0x31c5</value>
      </symbol>
      <symbol id="sm-800">
         <name>FLCTL_IRQHandler</name>
         <value>0x31c5</value>
      </symbol>
      <symbol id="sm-801">
         <name>COMP_E0_IRQHandler</name>
         <value>0x31c5</value>
      </symbol>
      <symbol id="sm-802">
         <name>COMP_E1_IRQHandler</name>
         <value>0x31c5</value>
      </symbol>
      <symbol id="sm-803">
         <name>TA0_0_IRQHandler</name>
         <value>0x31c5</value>
      </symbol>
      <symbol id="sm-804">
         <name>TA0_N_IRQHandler</name>
         <value>0x14c1</value>
      </symbol>
      <symbol id="sm-805">
         <name>TA1_0_IRQHandler</name>
         <value>0x31c5</value>
      </symbol>
      <symbol id="sm-806">
         <name>TA1_N_IRQHandler</name>
         <value>0x31c5</value>
      </symbol>
      <symbol id="sm-807">
         <name>TA2_0_IRQHandler</name>
         <value>0x31c5</value>
      </symbol>
      <symbol id="sm-808">
         <name>TA2_N_IRQHandler</name>
         <value>0x31c5</value>
      </symbol>
      <symbol id="sm-809">
         <name>TA3_0_IRQHandler</name>
         <value>0x31c5</value>
      </symbol>
      <symbol id="sm-80a">
         <name>TA3_N_IRQHandler</name>
         <value>0x31c5</value>
      </symbol>
      <symbol id="sm-80b">
         <name>EUSCIA0_IRQHandler</name>
         <value>0x31c5</value>
      </symbol>
      <symbol id="sm-80c">
         <name>EUSCIA1_IRQHandler</name>
         <value>0x31c5</value>
      </symbol>
      <symbol id="sm-80d">
         <name>EUSCIA2_IRQHandler</name>
         <value>0x31c5</value>
      </symbol>
      <symbol id="sm-80e">
         <name>EUSCIA3_IRQHandler</name>
         <value>0x31c5</value>
      </symbol>
      <symbol id="sm-80f">
         <name>EUSCIB0_IRQHandler</name>
         <value>0x31c5</value>
      </symbol>
      <symbol id="sm-810">
         <name>EUSCIB1_IRQHandler</name>
         <value>0x31c5</value>
      </symbol>
      <symbol id="sm-811">
         <name>EUSCIB2_IRQHandler</name>
         <value>0x31c5</value>
      </symbol>
      <symbol id="sm-812">
         <name>EUSCIB3_IRQHandler</name>
         <value>0x31c5</value>
      </symbol>
      <symbol id="sm-813">
         <name>ADC14_IRQHandler</name>
         <value>0x31c5</value>
      </symbol>
      <symbol id="sm-814">
         <name>T32_INT1_IRQHandler</name>
         <value>0x31c5</value>
      </symbol>
      <symbol id="sm-815">
         <name>T32_INT2_IRQHandler</name>
         <value>0x31c5</value>
      </symbol>
      <symbol id="sm-816">
         <name>T32_INTC_IRQHandler</name>
         <value>0x31c5</value>
      </symbol>
      <symbol id="sm-817">
         <name>AES256_IRQHandler</name>
         <value>0x31c5</value>
      </symbol>
      <symbol id="sm-818">
         <name>RTC_C_IRQHandler</name>
         <value>0x31c5</value>
      </symbol>
      <symbol id="sm-819">
         <name>DMA_ERR_IRQHandler</name>
         <value>0x31c5</value>
      </symbol>
      <symbol id="sm-81a">
         <name>DMA_INT3_IRQHandler</name>
         <value>0x31c5</value>
      </symbol>
      <symbol id="sm-81b">
         <name>DMA_INT2_IRQHandler</name>
         <value>0x31c5</value>
      </symbol>
      <symbol id="sm-81c">
         <name>DMA_INT1_IRQHandler</name>
         <value>0x31c5</value>
      </symbol>
      <symbol id="sm-81d">
         <name>DMA_INT0_IRQHandler</name>
         <value>0x31c5</value>
      </symbol>
      <symbol id="sm-81e">
         <name>PORT1_IRQHandler</name>
         <value>0x31c5</value>
      </symbol>
      <symbol id="sm-81f">
         <name>PORT2_IRQHandler</name>
         <value>0x1507</value>
      </symbol>
      <symbol id="sm-820">
         <name>PORT3_IRQHandler</name>
         <value>0x31c5</value>
      </symbol>
      <symbol id="sm-821">
         <name>PORT4_IRQHandler</name>
         <value>0x31c5</value>
      </symbol>
      <symbol id="sm-822">
         <name>PORT5_IRQHandler</name>
         <value>0x31c5</value>
      </symbol>
      <symbol id="sm-823">
         <name>PORT6_IRQHandler</name>
         <value>0x31c5</value>
      </symbol>
      <symbol id="sm-824">
         <name>remove</name>
         <value>0x3011</value>
      </symbol>
   </symbol_table>
   <title>Link successful</title>
</link_info>
